Component: ARM Compiler 5.05 update 1 (build 106) Tool: armlink [4d0efa]

==============================================================================

Section Cross References

    main.o(i.main) refers to misc.o(i.NVIC_PriorityGroupConfig) for NVIC_PriorityGroupConfig
    main.o(i.main) refers to delay.o(i.delay_init) for delay_init
    main.o(i.main) refers to delay.o(i.delay_ms) for delay_ms
    main.o(i.main) refers to gpio.o(i.led_init) for led_init
    main.o(i.main) refers to gpio.o(i.car_gpio_init) for car_gpio_init
    main.o(i.main) refers to tim.o(i.motor_left_pwm_init) for motor_left_pwm_init
    main.o(i.main) refers to tim.o(i.motor_right_pwm_init) for motor_right_pwm_init
    main.o(i.main) refers to tim.o(i.sys_time_init) for sys_time_init
    main.o(i.main) refers to tim.o(i.infrared_remote_init) for infrared_remote_init
    main.o(i.main) refers to mpu6050.o(i.mpu6050_Init) for mpu6050_Init
    main.o(i.main) refers to flash.o(i.load_flash_data) for load_flash_data
    main.o(i.main) refers to tim.o(i.ultrasonic_timer_init) for ultrasonic_timer_init
    main.o(i.main) refers to gpio.o(i.ultrasonic_gpio_init) for ultrasonic_gpio_init
    main.o(i.main) refers to tim.o(i.steering_engine_pwm_init) for steering_engine_pwm_init
    main.o(i.main) refers to stm32f4xx_tim.o(i.TIM_SetCompare2) for TIM_SetCompare2
    main.o(i.main) refers to car_system.o(i.car_init) for car_init
    main.o(i.main) refers to application.o(i.communication_task) for communication_task
    main.o(i.main) refers to application.o(i.update_sensor_data) for update_sensor_data
    main.o(i.main) refers to flow.o(i.flow_switch) for flow_switch
    main.o(i.main) refers to flow.o(i.flow_process) for flow_process
    main.o(i.main) refers to application.o(i.motion_control) for motion_control
    main.o(i.main) refers to isr.o(.data) for system_flag_4ms_1
    main.o(i.main) refers to main.o(.data) for j
    system_stm32f4xx.o(i.SystemCoreClockUpdate) refers to system_stm32f4xx.o(.data) for SystemCoreClock
    system_stm32f4xx.o(i.SystemInit) refers to system_stm32f4xx.o(i.SetSysClock) for SetSysClock
    startup_stm32f40_41xxx.o(STACK) refers (Special) to heapauxi.o(.text) for __use_two_region_memory
    startup_stm32f40_41xxx.o(HEAP) refers (Special) to heapauxi.o(.text) for __use_two_region_memory
    startup_stm32f40_41xxx.o(RESET) refers (Special) to heapauxi.o(.text) for __use_two_region_memory
    startup_stm32f40_41xxx.o(RESET) refers to startup_stm32f40_41xxx.o(STACK) for __initial_sp
    startup_stm32f40_41xxx.o(RESET) refers to startup_stm32f40_41xxx.o(.text) for Reset_Handler
    startup_stm32f40_41xxx.o(RESET) refers to stm32f4xx_it.o(i.NMI_Handler) for NMI_Handler
    startup_stm32f40_41xxx.o(RESET) refers to stm32f4xx_it.o(i.HardFault_Handler) for HardFault_Handler
    startup_stm32f40_41xxx.o(RESET) refers to stm32f4xx_it.o(i.MemManage_Handler) for MemManage_Handler
    startup_stm32f40_41xxx.o(RESET) refers to stm32f4xx_it.o(i.BusFault_Handler) for BusFault_Handler
    startup_stm32f40_41xxx.o(RESET) refers to stm32f4xx_it.o(i.UsageFault_Handler) for UsageFault_Handler
    startup_stm32f40_41xxx.o(RESET) refers to stm32f4xx_it.o(i.SVC_Handler) for SVC_Handler
    startup_stm32f40_41xxx.o(RESET) refers to stm32f4xx_it.o(i.DebugMon_Handler) for DebugMon_Handler
    startup_stm32f40_41xxx.o(RESET) refers to stm32f4xx_it.o(i.PendSV_Handler) for PendSV_Handler
    startup_stm32f40_41xxx.o(RESET) refers to stm32f4xx_it.o(i.SysTick_Handler) for SysTick_Handler
    startup_stm32f40_41xxx.o(RESET) refers to isr.o(i.TIM1_UP_TIM10_IRQHandler) for TIM1_UP_TIM10_IRQHandler
    startup_stm32f40_41xxx.o(RESET) refers to isr.o(i.TIM1_CC_IRQHandler) for TIM1_CC_IRQHandler
    startup_stm32f40_41xxx.o(RESET) refers to isr.o(i.TIM4_IRQHandler) for TIM4_IRQHandler
    startup_stm32f40_41xxx.o(RESET) refers to isr.o(i.TIM5_IRQHandler) for TIM5_IRQHandler
    startup_stm32f40_41xxx.o(.text) refers (Special) to heapauxi.o(.text) for __use_two_region_memory
    startup_stm32f40_41xxx.o(.text) refers to system_stm32f4xx.o(i.SystemInit) for SystemInit
    startup_stm32f40_41xxx.o(.text) refers to __main.o(!!!main) for __main
    startup_stm32f40_41xxx.o(.text) refers to startup_stm32f40_41xxx.o(HEAP) for Heap_Mem
    startup_stm32f40_41xxx.o(.text) refers to startup_stm32f40_41xxx.o(STACK) for Stack_Mem
    stm32f4xx_gpio.o(i.GPIO_DeInit) refers to stm32f4xx_rcc.o(i.RCC_AHB1PeriphResetCmd) for RCC_AHB1PeriphResetCmd
    stm32f4xx_pwr.o(i.PWR_DeInit) refers to stm32f4xx_rcc.o(i.RCC_APB1PeriphResetCmd) for RCC_APB1PeriphResetCmd
    stm32f4xx_rcc.o(i.RCC_GetClocksFreq) refers to stm32f4xx_rcc.o(.data) for APBAHBPrescTable
    stm32f4xx_rcc.o(i.RCC_WaitForHSEStartUp) refers to stm32f4xx_rcc.o(i.RCC_GetFlagStatus) for RCC_GetFlagStatus
    stm32f4xx_rtc.o(i.RTC_CoarseCalibCmd) refers to stm32f4xx_rtc.o(i.RTC_EnterInitMode) for RTC_EnterInitMode
[...]
    .ARM.Collect$$rtexit$$00000003           0x0800021c   Section        4  rtexit2.o(.ARM.Collect$$rtexit$$00000003)
    .ARM.Collect$$rtexit$$00000004           0x08000220   Section        6  rtexit2.o(.ARM.Collect$$rtexit$$00000004)
    .text                                    0x08000228   Section       64  startup_stm32f40_41xxx.o(.text)
    $v0                                      0x08000228   Number         0  startup_stm32f40_41xxx.o(.text)
    .text                                    0x08000268   Section        0  heapauxi.o(.text)
    .text                                    0x0800026e   Section        0  _rserrno.o(.text)
    .text                                    0x08000284   Section        8  rt_errno_addr_intlibspace.o(.text)
    .text                                    0x0800028c   Section        8  libspace.o(.text)
    .text                                    0x08000294   Section       74  sys_stackheap_outer.o(.text)
    .text                                    0x080002de   Section        0  exit.o(.text)
    .text                                    0x080002ec   Section        0  sys_exit.o(.text)
    .text                                    0x080002f8   Section        2  use_no_semi.o(.text)
    .text                                    0x080002fa   Section        0  indicate_semi.o(.text)
    i.BusFault_Handler                       0x080002fa   Section        0  stm32f4xx_it.o(i.BusFault_Handler)
    i.DebugMon_Handler                       0x080002fe   Section        0  stm32f4xx_it.o(i.DebugMon_Handler)
    i.FLASH_DataCacheCmd                     0x08000300   Section        0  stm32f4xx_flash.o(i.FLASH_DataCacheCmd)
    i.FLASH_EraseSector                      0x08000324   Section        0  stm32f4xx_flash.o(i.FLASH_EraseSector)
    i.FLASH_GetStatus                        0x080003ac   Section        0  stm32f4xx_flash.o(i.FLASH_GetStatus)
    i.FLASH_Lock                             0x08000400   Section        0  stm32f4xx_flash.o(i.FLASH_Lock)
    i.FLASH_ProgramWord                      0x08000414   Section        0  stm32f4xx_flash.o(i.FLASH_ProgramWord)
    i.FLASH_Unlock                           0x08000464   Section        0  stm32f4xx_flash.o(i.FLASH_Unlock)
    i.FLASH_WaitForLastOperation             0x08000488   Section        0  stm32f4xx_flash.o(i.FLASH_WaitForLastOperation)
    i.GPIO_Init                              0x080004aa   Section        0  stm32f4xx_gpio.o(i.GPIO_Init)
    i.GPIO_PinAFConfig                       0x0800053a   Section        0  stm32f4xx_gpio.o(i.GPIO_PinAFConfig)
    i.GPIO_ResetBits                         0x08000580   Section        0  stm32f4xx_gpio.o(i.GPIO_ResetBits)
    i.GPIO_SetBits                           0x08000584   Section        0  stm32f4xx_gpio.o(i.GPIO_SetBits)
    i.HardFault_Handler                      0x08000588   Section        0  stm32f4xx_it.o(i.HardFault_Handler)
    i.IIC_Ack                                0x0800058c   Section        0  mpu6050_iic.o(i.IIC_Ack)
    i.IIC_Init                               0x080005dc   Section        0  mpu6050_iic.o(i.IIC_Init)
    i.IIC_NAck                               0x08000628   Section        0  mpu6050_iic.o(i.IIC_NAck)
    i.IIC_Read_Byte                          0x08000678   Section        0  mpu6050_iic.o(i.IIC_Read_Byte)
    i.IIC_Send_Byte                          0x080006e4   Section        0  mpu6050_iic.o(i.IIC_Send_Byte)
    i.IIC_Start                              0x0800074c   Section        0  mpu6050_iic.o(i.IIC_Start)
    i.IIC_Stop                               0x08000798   Section        0  mpu6050_iic.o(i.IIC_Stop)
    i.IIC_Wait_Ack                           0x080007e4   Section        0  mpu6050_iic.o(i.IIC_Wait_Ack)
    i.IMUupdate                              0x08000844   Section        0  mpu6050.o(i.IMUupdate)
    i.MPU6050_Data_Process                   0x08000bb4   Section        0  mpu6050.o(i.MPU6050_Data_Process)
    i.MPU_Read_Byte                          0x08000e70   Section        0  mpu6050.o(i.MPU_Read_Byte)
    i.MPU_Read_Len                           0x08000eaa   Section        0  mpu6050.o(i.MPU_Read_Len)
    i.MPU_Set_Accel_Fsr                      0x08000f1e   Section        0  mpu6050.o(i.MPU_Set_Accel_Fsr)
    i.MPU_Set_Gyro_Fsr                       0x08000f2e   Section        0  mpu6050.o(i.MPU_Set_Gyro_Fsr)
    i.MPU_Set_LPF                            0x08000f3e   Section        0  mpu6050.o(i.MPU_Set_LPF)
    i.MPU_Set_Rate                           0x08000f78   Section        0  mpu6050.o(i.MPU_Set_Rate)
    i.MPU_Write_Byte                         0x08000fb2   Section        0  mpu6050.o(i.MPU_Write_Byte)
    i.MemManage_Handler                      0x08000ff6   Section        0  stm32f4xx_it.o(i.MemManage_Handler)
    i.NMI_Handler                            0x08000ffa   Section        0  stm32f4xx_it.o(i.NMI_Handler)
    i.NVIC_Init                              0x08000ffc   Section        0  misc.o(i.NVIC_Init)
    i.NVIC_PriorityGroupConfig               0x08001074   Section        0  misc.o(i.NVIC_PriorityGroupConfig)
    i.PendSV_Handler                         0x08001088   Section        0  stm32f4xx_it.o(i.PendSV_Handler)
    i.RCC_AHB1PeriphClockCmd                 0x0800108c   Section        0  stm32f4xx_rcc.o(i.RCC_AHB1PeriphClockCmd)
    i.RCC_APB1PeriphClockCmd                 0x080010ac   Section        0  stm32f4xx_rcc.o(i.RCC_APB1PeriphClockCmd)
    i.RCC_APB2PeriphClockCmd                 0x080010cc   Section        0  stm32f4xx_rcc.o(i.RCC_APB2PeriphClockCmd)
    i.SVC_Handler                            0x080010ec   Section        0  stm32f4xx_it.o(i.SVC_Handler)
    i.SetSysClock                            0x080010f0   Section        0  system_stm32f4xx.o(i.SetSysClock)
    SetSysClock                              0x080010f1   Thumb Code   220  system_stm32f4xx.o(i.SetSysClock)
    i.SysTick_CLKSourceConfig                0x080011dc   Section        0  misc.o(i.SysTick_CLKSourceConfig)
    i.SysTick_Handler                        0x08001204   Section        0  stm32f4xx_it.o(i.SysTick_Handler)
    i.SystemInit                             0x08001208   Section        0  system_stm32f4xx.o(i.SystemInit)
    i.TI1_Config                             0x08001270   Section        0  stm32f4xx_tim.o(i.TI1_Config)
    TI1_Config                               0x08001271   Thumb Code    58  stm32f4xx_tim.o(i.TI1_Config)
    i.TI2_Config                             0x080012aa   Section        0  stm32f4xx_tim.o(i.TI2_Config)
    TI2_Config                               0x080012ab   Thumb Code    80  stm32f4xx_tim.o(i.TI2_Config)
    i.TI3_Config                             0x080012fa   Section        0  stm32f4xx_tim.o(i.TI3_Config)
    TI3_Config                               0x080012fb   Thumb Code    72  stm32f4xx_tim.o(i.TI3_Config)
    i.TI4_Config                             0x08001342   Section        0  stm32f4xx_tim.o(i.TI4_Config)
    TI4_Config                               0x08001343   Thumb Code    80  stm32f4xx_tim.o(i.TI4_Config)
    i.TIM1_CC_IRQHandler                     0x08001394   Section        0  isr.o(i.TIM1_CC_IRQHandler)
    i.TIM1_UP_TIM10_IRQHandler               0x08001484   Section        0  isr.o(i.TIM1_UP_TIM10_IRQHandler)
    i.TIM4_IRQHandler                        0x080014e8   Section        0  isr.o(i.TIM4_IRQHandler)
    i.TIM5_IRQHandler                        0x08001558   Section        0  isr.o(i.TIM5_IRQHandler)
    i.TIM_ARRPreloadConfig                   0x080015b0   Section        0  stm32f4xx_tim.o(i.TIM_ARRPreloadConfig)
    i.TIM_ClearITPendingBit                  0x080015c8   Section        0  stm32f4xx_tim.o(i.TIM_ClearITPendingBit)
    i.TIM_Cmd                                0x080015ce   Section        0  stm32f4xx_tim.o(i.TIM_Cmd)
    i.TIM_GetCapture1                        0x080015e6   Section        0  stm32f4xx_tim.o(i.TIM_GetCapture1)
    i.TIM_GetITStatus                        0x080015ec   Section        0  stm32f4xx_tim.o(i.TIM_GetITStatus)
    i.TIM_ICInit                             0x0800160e   Section        0  stm32f4xx_tim.o(i.TIM_ICInit)
    i.TIM_ITConfig                           0x0800167c   Section        0  stm32f4xx_tim.o(i.TIM_ITConfig)
    i.TIM_OC1Init                            0x08001690   Section        0  stm32f4xx_tim.o(i.TIM_OC1Init)
    i.TIM_OC1PolarityConfig                  0x0800170c   Section        0  stm32f4xx_tim.o(i.TIM_OC1PolarityConfig)
    i.TIM_OC1PreloadConfig                   0x0800171e   Section        0  stm32f4xx_tim.o(i.TIM_OC1PreloadConfig)
    i.TIM_OC2Init                            0x08001730   Section        0  stm32f4xx_tim.o(i.TIM_OC2Init)
    i.TIM_OC2PreloadConfig                   0x080017d4   Section        0  stm32f4xx_tim.o(i.TIM_OC2PreloadConfig)
    i.TIM_OC3Init                            0x080017f0   Section        0  stm32f4xx_tim.o(i.TIM_OC3Init)
    i.TIM_OC3PreloadConfig                   0x08001890   Section        0  stm32f4xx_tim.o(i.TIM_OC3PreloadConfig)
    i.TIM_OC4Init                            0x080018a4   Section        0  stm32f4xx_tim.o(i.TIM_OC4Init)
    i.TIM_OC4PreloadConfig                   0x0800191c   Section        0  stm32f4xx_tim.o(i.TIM_OC4PreloadConfig)
    i.TIM_SetCompare1                        0x08001936   Section        0  stm32f4xx_tim.o(i.TIM_SetCompare1)
    i.TIM_SetCompare2                        0x0800193a   Section        0  stm32f4xx_tim.o(i.TIM_SetCompare2)
    i.TIM_SetCompare3                        0x0800193e   Section        0  stm32f4xx_tim.o(i.TIM_SetCompare3)
    i.TIM_SetCompare4                        0x08001942   Section        0  stm32f4xx_tim.o(i.TIM_SetCompare4)
    i.TIM_SetCounter                         0x08001946   Section        0  stm32f4xx_tim.o(i.TIM_SetCounter)
    i.TIM_SetIC1Prescaler                    0x0800194a   Section        0  stm32f4xx_tim.o(i.TIM_SetIC1Prescaler)
    i.TIM_SetIC2Prescaler                    0x0800195c   Section        0  stm32f4xx_tim.o(i.TIM_SetIC2Prescaler)
    i.TIM_SetIC3Prescaler                    0x08001976   Section        0  stm32f4xx_tim.o(i.TIM_SetIC3Prescaler)
    i.TIM_SetIC4Prescaler                    0x08001988   Section        0  stm32f4xx_tim.o(i.TIM_SetIC4Prescaler)
    i.TIM_TimeBaseInit                       0x080019a4   Section        0  stm32f4xx_tim.o(i.TIM_TimeBaseInit)
    i.UsageFault_Handler                     0x08001a28   Section        0  stm32f4xx_it.o(i.UsageFault_Handler)
    i.__ARM_fpclassify                       0x08001a2c   Section        0  fpclassify.o(i.__ARM_fpclassify)
    i.__hardfp_asin                          0x08001a60   Section        0  asin.o(i.__hardfp_asin)
    i.__kernel_poly                          0x08001dc0   Section        0  poly.o(i.__kernel_poly)
    i.__mathlib_dbl_infnan                   0x08001eb8   Section        0  dunder.o(i.__mathlib_dbl_infnan)
    i.__mathlib_dbl_invalid                  0x08001ed0   Section        0  dunder.o(i.__mathlib_dbl_invalid)
    i.__mathlib_dbl_underflow                0x08001ef0   Section        0  dunder.o(i.__mathlib_dbl_underflow)
    i.auto_flow_process                      0x08001f10   Section        0  flow.o(i.auto_flow_process)
    i.auto_flow_switch                       0x08002170   Section        0  flow.o(i.auto_flow_switch)
    i.car_gpio_init                          0x08002198   Section        0  gpio.o(i.car_gpio_init)
    i.car_init                               0x08002250   Section        0  car_system.o(i.car_init)
    i.communication_task                     0x0800233c   Section        0  application.o(i.communication_task)
    i.dc_motor_action_advance                0x08002344   Section        0  wheel.o(i.dc_motor_action_advance)
    i.dc_motor_action_back                   0x080023e0   Section        0  wheel.o(i.dc_motor_action_back)
    i.dc_motor_action_brake                  0x0800247c   Section        0  wheel.o(i.dc_motor_action_brake)
    i.dc_motor_action_stop                   0x08002498   Section        0  wheel.o(i.dc_motor_action_stop)
    i.dc_motor_action_turn_left              0x0800252c   Section        0  wheel.o(i.dc_motor_action_turn_left)
    i.dc_motor_action_turn_right             0x080025c4   Section        0  wheel.o(i.dc_motor_action_turn_right)
    i.dc_motor_control                       0x0800265c   Section        0  application.o(i.dc_motor_control)
    i.dc_motor_op_advance                    0x08002680   Section        0  wheel.o(i.dc_motor_op_advance)
    i.dc_motor_op_back                       0x080026d8   Section        0  wheel.o(i.dc_motor_op_back)
    i.dc_motor_op_stop                       0x08002730   Section        0  wheel.o(i.dc_motor_op_stop)
    i.dc_motor_op_turn_left                  0x08002788   Section        0  wheel.o(i.dc_motor_op_turn_left)
    i.dc_motor_op_turn_right                 0x080027e0   Section        0  wheel.o(i.dc_motor_op_turn_right)
    i.delay_init                             0x08002838   Section        0  delay.o(i.delay_init)
    i.delay_ms                               0x08002874   Section        0  delay.o(i.delay_ms)
    i.delay_us                               0x080028ac   Section        0  delay.o(i.delay_us)
    i.delay_xms                              0x080028f8   Section        0  delay.o(i.delay_xms)
    i.fabs                                   0x08002944   Section        0  fabs.o(i.fabs)
    i.flow_process                           0x0800295c   Section        0  flow.o(i.flow_process)
    i.flow_switch                            0x0800298c   Section        0  flow.o(i.flow_switch)
    i.flow_switch_to                         0x080029bc   Section        0  flow.o(i.flow_switch_to)
    i.generate_ultrasonic_trigger_pulse      0x08002a20   Section        0  ultrasonic.o(i.generate_ultrasonic_trigger_pulse)
    i.get_flow_from_type                     0x08002a7c   Section        0  flow.o(i.get_flow_from_type)
    get_flow_from_type                       0x08002a7d   Thumb Code    10  flow.o(i.get_flow_from_type)
    i.get_steering_engine_angle              0x08002a8c   Section        0  steering_engine.o(i.get_steering_engine_angle)
    i.infrared_remote_init                   0x08002a98   Section        0  tim.o(i.infrared_remote_init)
    i.infrared_remote_scan                   0x08002b7c   Section        0  infrared_remote.o(i.infrared_remote_scan)
    i.infrared_remote_task                   0x08002bcc   Section        0  infrared_remote.o(i.infrared_remote_task)
    i.init_dc_motor                          0x08002d08   Section        0  wheel.o(i.init_dc_motor)
    i.init_flow_map                          0x08002d6c   Section        0  flow.o(i.init_flow_map)
    i.init_flow_process                      0x08002d90   Section        0  flow.o(i.init_flow_process)
    i.init_flow_switch                       0x08002d94   Section        0  flow.o(i.init_flow_switch)
    i.init_steering_engine                   0x08002dbc   Section        0  steering_engine.o(i.init_steering_engine)
    i.invSqrt                                0x08002dd8   Section        0  mpu6050.o(i.invSqrt)
    i.led_init                               0x08002e0c   Section        0  gpio.o(i.led_init)
    i.load_flash_data                        0x08002e4c   Section        0  flash.o(i.load_flash_data)
    i.main                                   0x08002ec4   Section        0  main.o(i.main)
    i.manual_flow_process                    0x08002fc4   Section        0  flow.o(i.manual_flow_process)
    i.manual_flow_switch                     0x080030c4   Section        0  flow.o(i.manual_flow_switch)
    i.motion_control                         0x080030ec   Section        0  application.o(i.motion_control)
    i.motion_init                            0x080030f8   Section        0  application.o(i.motion_init)
    i.motor_left_pwm_init                    0x08003104   Section        0  tim.o(i.motor_left_pwm_init)
    i.motor_right_pwm_init                   0x080031bc   Section        0  tim.o(i.motor_right_pwm_init)
    i.mpu6050_Init                           0x08003274   Section        0  mpu6050.o(i.mpu6050_Init)
    i.mpu6050_task                           0x080032ee   Section        0  mpu6050.o(i.mpu6050_task)
    i.mpu6050_update                         0x080032f8   Section        0  mpu6050.o(i.mpu6050_update)
    i.set_dc_motor_left_down_pwm             0x08003314   Section        0  bsp.o(i.set_dc_motor_left_down_pwm)
    i.set_dc_motor_left_up_pwm               0x08003330   Section        0  bsp.o(i.set_dc_motor_left_up_pwm)
    i.set_dc_motor_operation                 0x0800334c   Section        0  wheel.o(i.set_dc_motor_operation)
    i.set_dc_motor_right_down_pwm            0x08003360   Section        0  bsp.o(i.set_dc_motor_right_down_pwm)
    i.set_dc_motor_right_up_pwm              0x0800337c   Section        0  bsp.o(i.set_dc_motor_right_up_pwm)
    i.set_steering_engine_angle              0x08003398   Section        0  steering_engine.o(i.set_steering_engine_angle)
    i.sqrt                                   0x080033f8   Section        0  sqrt.o(i.sqrt)
    i.steering_engine_action_turn_fix__angle 0x08003468   Section        0  steering_engine.o(i.steering_engine_action_turn_fix__angle)
    i.steering_engine_control                0x08003480   Section        0  application.o(i.steering_engine_control)
    i.steering_engine_op_turn_fix_angle      0x080034a4   Section        0  steering_engine.o(i.steering_engine_op_turn_fix_angle)
    i.steering_engine_pwm_init               0x080034e4   Section        0  tim.o(i.steering_engine_pwm_init)
    i.store_config_data                      0x08003580   Section        0  flash.o(i.store_config_data)
    i.sys_time_init                          0x080035dc   Section        0  tim.o(i.sys_time_init)
    i.ultrasonic_gpio_init                   0x0800363c   Section        0  gpio.o(i.ultrasonic_gpio_init)
    i.ultrasonic_task                        0x08003678   Section        0  ultrasonic.o(i.ultrasonic_task)
    i.ultrasonic_timer_init                  0x080036d8   Section        0  tim.o(i.ultrasonic_timer_init)
    i.update_sensor_data                     0x08003798   Section        0  application.o(i.update_sensor_data)
    x$fpl$basic                              0x080037a8   Section       24  basic.o(x$fpl$basic)
    $v0                                      0x080037a8   Number         0  basic.o(x$fpl$basic)
    x$fpl$d2f                                0x080037c0   Section       98  d2f.o(x$fpl$d2f)
    $v0                                      0x080037c0   Number         0  d2f.o(x$fpl$d2f)
    x$fpl$dadd                               0x08003824   Section      336  daddsub_clz.o(x$fpl$dadd)
    $v0                                      0x08003824   Number         0  daddsub_clz.o(x$fpl$dadd)
    _dadd1                                   0x08003835   Thumb Code     0  daddsub_clz.o(x$fpl$dadd)
    x$fpl$ddiv                               0x08003974   Section      688  ddiv.o(x$fpl$ddiv)
    $v0                                      0x08003974   Number         0  ddiv.o(x$fpl$ddiv)
    ddiv_entry                               0x0800397b   Thumb Code     0  ddiv.o(x$fpl$ddiv)
    x$fpl$dfltu                              0x08003c24   Section       38  dflt_clz.o(x$fpl$dfltu)
    $v0                                      0x08003c24   Number         0  dflt_clz.o(x$fpl$dfltu)
    x$fpl$dmul                               0x08003c4c   Section      340  dmul.o(x$fpl$dmul)
    $v0                                      0x08003c4c   Number         0  dmul.o(x$fpl$dmul)
    x$fpl$dnaninf                            0x08003da0   Section      156  dnaninf.o(x$fpl$dnaninf)
    $v0                                      0x08003da0   Number         0  dnaninf.o(x$fpl$dnaninf)
    x$fpl$dretinf                            0x08003e3c   Section       12  dretinf.o(x$fpl$dretinf)
    $v0                                      0x08003e3c   Number         0  dretinf.o(x$fpl$dretinf)
    x$fpl$drsb                               0x08003e48   Section       22  daddsub_clz.o(x$fpl$drsb)
    $v0                                      0x08003e48   Number         0  daddsub_clz.o(x$fpl$drsb)
    x$fpl$dsqrt                              0x08003e60   Section      408  dsqrt_umaal.o(x$fpl$dsqrt)
    $v0                                      0x08003e60   Number         0  dsqrt_umaal.o(x$fpl$dsqrt)
    x$fpl$dsub                               0x08003ff8   Section      468  daddsub_clz.o(x$fpl$dsub)
    $v0                                      0x08003ff8   Number         0  daddsub_clz.o(x$fpl$dsub)
    _dsub1                                   0x08004009   Thumb Code     0  daddsub_clz.o(x$fpl$dsub)
    x$fpl$f2d                                0x080041cc   Section       86  f2d.o(x$fpl$f2d)
    $v0                                      0x080041cc   Number         0  f2d.o(x$fpl$f2d)
    x$fpl$fnaninf                            0x08004222   Section      140  fnaninf.o(x$fpl$fnaninf)
    $v0                                      0x08004222   Number         0  fnaninf.o(x$fpl$fnaninf)
    x$fpl$fpinit                             0x080042ae   Section       10  fpinit.o(x$fpl$fpinit)
    $v0                                      0x080042ae   Number         0  fpinit.o(x$fpl$fpinit)
    x$fpl$fretinf                            0x080042b8   Section       10  fretinf.o(x$fpl$fretinf)
    $v0                                      0x080042b8   Number         0  fretinf.o(x$fpl$fretinf)
    x$fpl$usenofp                            0x080042c2   Section        0  usenofp.o(x$fpl$usenofp)
    .constdata                               0x080042c8   Section       80  asin.o(.constdata)
    pS                                       0x080042c8   Data          48  asin.o(.constdata)
    qS                                       0x080042f8   Data          32  asin.o(.constdata)
    .data                                    0x20000000   Section       16  main.o(.data)
    .data                                    0x20000010   Section        4  delay.o(.data)
    fac_us                                   0x20000010   Data           1  delay.o(.data)
    fac_ms                                   0x20000012   Data           2  delay.o(.data)
    .data                                    0x20000014   Section       10  isr.o(.data)
    .data                                    0x2000001e   Section        4  mpu6050.o(.data)
    j                                        0x2000001e   Data           2  mpu6050.o(.data)
    last_GYROz                               0x20000020   Data           2  mpu6050.o(.data)
    .data                                    0x20000022   Section        1  flow.o(.data)
    angle_flag                               0x20000022   Data           1  flow.o(.data)
    .bss                                     0x20000024   Section      296  car_system.o(.bss)
    .bss                                     0x2000014c   Section       16  flash.o(.bss)
    .bss                                     0x2000015c   Section      100  flow.o(.bss)
    .bss                                     0x200001c0   Section       96  libspace.o(.bss)
    HEAP                                     0x20000220   Section      512  startup_stm32f40_41xxx.o(HEAP)
    Heap_Mem                                 0x20000220   Data         512  startup_stm32f40_41xxx.o(HEAP)
    STACK                                    0x20000420   Section     1024  startup_stm32f40_41xxx.o(STACK)
    Stack_Mem                                0x20000420   Data        1024  startup_stm32f40_41xxx.o(STACK)
    __initial_sp                             0x20000820   Data           0  startup_stm32f40_41xxx.o(STACK)

    Global Symbols

    Symbol Name                              Value     Ov Type        Size  Object(Section)

    BuildAttributes$$THM_ISAv4$E$P$D$K$B$S$7EM$VFPi3$EXTD16$VFPS$VFMA$PE$A:L22UL41UL21$X:L11$S22US41US21$IEEE1$IW$USESV6$~STKCKD$USESV7$~SHL$OTIME$ROPI$IEEEX$EBA8$UX$STANDARDLIB$REQ8$PRES8$EABIv2 0x00000000   Number         0  anon$$obj.o ABSOLUTE
    __ARM_use_no_argv                        0x00000000   Number         0  main.o ABSOLUTE
    __ARM_exceptions_init                     - Undefined Weak Reference
    __alloca_initialize                       - Undefined Weak Reference
    __arm_preinit_                            - Undefined Weak Reference
    __cpp_initialize__aeabi_                  - Undefined Weak Reference
    __cxa_finalize                            - Undefined Weak Reference
    __rt_locale                               - Undefined Weak Reference
    __sigvec_lookup                           - Undefined Weak Reference
    _atexit_init                              - Undefined Weak Reference
    _call_atexit_fns                          - Undefined Weak Reference
    _clock_init                               - Undefined Weak Reference
    _fp_trap_init                             - Undefined Weak Reference
    _fp_trap_shutdown                         - Undefined Weak Reference
    _get_lc_collate                           - Undefined Weak Reference
    _get_lc_ctype                             - Undefined Weak Reference
    _get_lc_monetary                          - Undefined Weak Reference
    _get_lc_numeric                           - Undefined Weak Reference
    _get_lc_time                              - Undefined Weak Reference
    _getenv_init                              - Undefined Weak Reference
    _handle_redirection                       - Undefined Weak Reference
    _init_alloc                               - Undefined Weak Reference
    _init_user_alloc                          - Undefined Weak Reference
    _initio                                   - Undefined Weak Reference
    _rand_init                                - Undefined Weak Reference
    _signal_finish                            - Undefined Weak Reference
    _signal_init                              - Undefined Weak Reference
    _terminate_alloc                          - Undefined Weak Reference
    _terminate_user_alloc                     - Undefined Weak Reference
    _terminateio                              - Undefined Weak Reference
    __Vectors_Size                           0x00000188   Number         0  startup_stm32f40_41xxx.o ABSOLUTE
    __Vectors                                0x08000000   Data           4  startup_stm32f40_41xxx.o(RESET)
    __Vectors_End                            0x08000188   Data           0  startup_stm32f40_41xxx.o(RESET)
    __main                                   0x08000189   Thumb Code     8  __main.o(!!!main)
    __scatterload                            0x08000191   Thumb Code     0  __scatter.o(!!!scatter)
    __scatterload_rt2                        0x08000191   Thumb Code    44  __scatter.o(!!!scatter)
    __scatterload_rt2_thumb_only             0x08000191   Thumb Code     0  __scatter.o(!!!scatter)
    __scatterload_null                       0x0800019f   Thumb Code     0  __scatter.o(!!!scatter)
    __scatterload_copy                       0x080001c5   Thumb Code    26  __scatter_copy.o(!!handler_copy)
    __scatterload_zeroinit                   0x080001e1   Thumb Code    28  __scatter_zi.o(!!handler_zi)
    __rt_lib_init                            0x080001fd   Thumb Code     0  libinit.o(.ARM.Collect$$libinit$$00000000)
    __rt_lib_init_fp_1                       0x080001ff   Thumb Code     0  libinit2.o(.ARM.Collect$$libinit$$00000001)
    __rt_lib_init_alloca_1                   0x08000203   Thumb Code     0  libinit2.o(.ARM.Collect$$libinit$$0000002E)
    __rt_lib_init_argv_1                     0x08000203   Thumb Code     0  libinit2.o(.ARM.Collect$$libinit$$0000002C)
    __rt_lib_init_atexit_1                   0x08000203   Thumb Code     0  libinit2.o(.ARM.Collect$$libinit$$0000001B)
    __rt_lib_init_clock_1                    0x08000203   Thumb Code     0  libinit2.o(.ARM.Collect$$libinit$$00000021)
    __rt_lib_init_cpp_1                      0x08000203   Thumb Code     0  libinit2.o(.ARM.Collect$$libinit$$00000032)
    __rt_lib_init_exceptions_1               0x08000203   Thumb Code     0  libinit2.o(.ARM.Collect$$libinit$$00000030)
    __rt_lib_init_fp_trap_1                  0x08000203   Thumb Code     0  libinit2.o(.ARM.Collect$$libinit$$0000001F)
    __rt_lib_init_getenv_1                   0x08000203   Thumb Code     0  libinit2.o(.ARM.Collect$$libinit$$00000023)
    __rt_lib_init_heap_1                     0x08000203   Thumb Code     0  libinit2.o(.ARM.Collect$$libinit$$0000000A)
    __rt_lib_init_lc_collate_1               0x08000203   Thumb Code     0  libinit2.o(.ARM.Collect$$libinit$$00000011)
    __rt_lib_init_lc_ctype_1                 0x08000203   Thumb Code     0  libinit2.o(.ARM.Collect$$libinit$$00000013)
    __rt_lib_init_lc_monetary_1              0x08000203   Thumb Code     0  libinit2.o(.ARM.Collect$$libinit$$00000015)
    __rt_lib_init_lc_numeric_1               0x08000203   Thumb Code     0  libinit2.o(.ARM.Collect$$libinit$$00000017)
    __rt_lib_init_lc_time_1                  0x08000203   Thumb Code     0  libinit2.o(.ARM.Collect$$libinit$$00000019)
    __rt_lib_init_preinit_1                  0x08000203   Thumb Code     0  libinit2.o(.ARM.Collect$$libinit$$00000004)
    __rt_lib_init_rand_1                     0x08000203   Thumb Code     0  libinit2.o(.ARM.Collect$$libinit$$0000000E)
    __rt_lib_init_return                     0x08000203   Thumb Code     0  libinit2.o(.ARM.Collect$$libinit$$00000033)
    __rt_lib_init_signal_1                   0x08000203   Thumb Code     0  libinit2.o(.ARM.Collect$$libinit$$0000001D)
    __rt_lib_init_stdio_1                    0x08000203   Thumb Code     0  libinit2.o(.ARM.Collect$$libinit$$00000025)
    __rt_lib_init_user_alloc_1               0x08000203   Thumb Code     0  libinit2.o(.ARM.Collect$$libinit$$0000000C)
    __rt_lib_shutdown                        0x08000205   Thumb Code     0  libshutdown.o(.ARM.Collect$$libshutdown$$00000000)
    __rt_lib_shutdown_fp_trap_1              0x08000207   Thumb Code     0  libshutdown2.o(.ARM.Collect$$libshutdown$$00000006)
    __rt_lib_shutdown_heap_1                 0x08000207   Thumb Code     0  libshutdown2.o(.ARM.Collect$$libshutdown$$0000000E)
    __rt_lib_shutdown_return                 0x08000207   Thumb Code     0  libshutdown2.o(.ARM.Collect$$libshutdown$$0000000F)
    __rt_lib_shutdown_signal_1               0x08000207   Thumb Code     0  libshutdown2.o(.ARM.Collect$$libshutdown$$00000009)
    __rt_lib_shutdown_stdio_1                0x08000207   Thumb Code     0  libshutdown2.o(.ARM.Collect$$libshutdown$$00000003)
    __rt_lib_shutdown_user_alloc_1           0x08000207   Thumb Code     0  libshutdown2.o(.ARM.Collect$$libshutdown$$0000000B)
    __rt_entry                               0x08000209   Thumb Code     0  __rtentry.o(.ARM.Collect$$rtentry$$00000000)
    __rt_entry_presh_1                       0x08000209   Thumb Code     0  __rtentry2.o(.ARM.Collect$$rtentry$$00000002)
    __rt_entry_sh                            0x08000209   Thumb Code     0  __rtentry4.o(.ARM.Collect$$rtentry$$00000004)
    __rt_entry_li                            0x0800020f   Thumb Code     0  __rtentry2.o(.ARM.Collect$$rtentry$$0000000A)
    __rt_entry_postsh_1                      0x0800020f   Thumb Code     0  __rtentry2.o(.ARM.Collect$$rtentry$$00000009)
    __rt_entry_main                          0x08000213   Thumb Code     0  __rtentry2.o(.ARM.Collect$$rtentry$$0000000D)
    __rt_entry_postli_1                      0x08000213   Thumb Code     0  __rtentry2.o(.ARM.Collect$$rtentry$$0000000C)
    __rt_exit                                0x0800021b   Thumb Code     0  rtexit.o(.ARM.Collect$$rtexit$$00000000)
    __rt_exit_ls                             0x0800021d   Thumb Code     0  rtexit2.o(.ARM.Collect$$rtexit$$00000003)
    __rt_exit_prels_1                        0x0800021d   Thumb Code     0  rtexit2.o(.ARM.Collect$$rtexit$$00000002)
    __rt_exit_exit                           0x08000221   Thumb Code     0  rtexit2.o(.ARM.Collect$$rtexit$$00000004)
    Reset_Handler                            0x08000229   Thumb Code     8  startup_stm32f40_41xxx.o(.text)
    ADC_IRQHandler                           0x08000243   Thumb Code     0  startup_stm32f40_41xxx.o(.text)
    CAN1_RX0_IRQHandler                      0x08000243   Thumb Code     0  startup_stm32f40_41xxx.o(.text)
    CAN1_RX1_IRQHandler                      0x08000243   Thumb Code     0  startup_stm32f40_41xxx.o(.text)
    CAN1_SCE_IRQHandler                      0x08000243   Thumb Code     0  startup_stm32f40_41xxx.o(.text)
    CAN1_TX_IRQHandler                       0x08000243   Thumb Code     0  startup_stm32f40_41xxx.o(.text)
    CAN2_RX0_IRQHandler                      0x08000243   Thumb Code     0  startup_stm32f40_41xxx.o(.text)
    CAN2_RX1_IRQHandler                      0x08000243   Thumb Code     0  startup_stm32f40_41xxx.o(.text)
    CAN2_SCE_IRQHandler                      0x08000243   Thumb Code     0  startup_stm32f40_41xxx.o(.text)
    CAN2_TX_IRQHandler                       0x08000243   Thumb Code     0  startup_stm32f40_41xxx.o(.text)
    CRYP_IRQHandler                          0x08000243   Thumb Code     0  startup_stm32f40_41xxx.o(.text)
    DCMI_IRQHandler                          0x08000243   Thumb Code     0  startup_stm32f40_41xxx.o(.text)
    DMA1_Stream0_IRQHandler                  0x08000243   Thumb Code     0  startup_stm32f40_41xxx.o(.text)
    DMA1_Stream1_IRQHandler                  0x08000243   Thumb Code     0  startup_stm32f40_41xxx.o(.text)
    DMA1_Stream2_IRQHandler                  0x08000243   Thumb Code     0  startup_stm32f40_41xxx.o(.text)
    DMA1_Stream3_IRQHandler                  0x08000243   Thumb Code     0  startup_stm32f40_41xxx.o(.text)
    DMA1_Stream4_IRQHandler                  0x08000243   Thumb Code     0  startup_stm32f40_41xxx.o(.text)
    DMA1_Stream5_IRQHandler                  0x08000243   Thumb Code     0  startup_stm32f40_41xxx.o(.text)
    DMA1_Stream6_IRQHandler                  0x08000243   Thumb Code     0  startup_stm32f40_41xxx.o(.text)
    DMA1_Stream7_IRQHandler                  0x08000243   Thumb Code     0  startup_stm32f40_41xxx.o(.text)
    DMA2_Stream0_IRQHandler                  0x08000243   Thumb Code     0  startup_stm32f40_41xxx.o(.text)
    DMA2_Stream1_IRQHandler                  0x08000243   Thumb Code     0  startup_stm32f40_41xxx.o(.text)
    DMA2_Stream2_IRQHandler                  0x08000243   Thumb Code     0  startup_stm32f40_41xxx.o(.text)
    DMA2_Stream3_IRQHandler                  0x08000243   Thumb Code     0  startup_stm32f40_41xxx.o(.text)
    DMA2_Stream4_IRQHandler                  0x08000243   Thumb Code     0  startup_stm32f40_41xxx.o(.text)
    DMA2_Stream5_IRQHandler                  0x08000243   Thumb Code     0  startup_stm32f40_41xxx.o(.text)
    DMA2_Stream6_IRQHandler                  0x08000243   Thumb Code     0  startup_stm32f40_41xxx.o(.text)
    DMA2_Stream7_IRQHandler                  0x08000243   Thumb Code     0  startup_stm32f40_41xxx.o(.text)
    ETH_IRQHandler                           0x08000243   Thumb Code     0  startup_stm32f40_41xxx.o(.text)
    ETH_WKUP_IRQHandler                      0x08000243   Thumb Code     0  startup_stm32f40_41xxx.o(.text)
    EXTI0_IRQHandler                         0x08000243   Thumb Code     0  startup_stm32f40_41xxx.o(.text)
    EXTI15_10_IRQHandler                     0x08000243   Thumb Code     0  startup_stm32f40_41xxx.o(.text)
    EXTI1_IRQHandler                         0x08000243   Thumb Code     0  startup_stm32f40_41xxx.o(.text)
    EXTI2_IRQHandler                         0x08000243   Thumb Code     0  startup_stm32f40_41xxx.o(.text)
    EXTI3_IRQHandler                         0x08000243   Thumb Code     0  startup_stm32f40_41xxx.o(.text)
    EXTI4_IRQHandler                         0x08000243   Thumb Code     0  startup_stm32f40_41xxx.o(.text)
    EXTI9_5_IRQHandler                       0x08000243   Thumb Code     0  startup_stm32f40_41xxx.o(.text)
    FLASH_IRQHandler                         0x08000243   Thumb Code     0  startup_stm32f40_41xxx.o(.text)
    FPU_IRQHandler                           0x08000243   Thumb Code     0  startup_stm32f40_41xxx.o(.text)
    FSMC_IRQHandler                          0x08000243   Thumb Code     0  startup_stm32f40_41xxx.o(.text)
    HASH_RNG_IRQHandler                      0x08000243   Thumb Code     0  startup_stm32f40_41xxx.o(.text)
    I2C1_ER_IRQHandler                       0x08000243   Thumb Code     0  startup_stm32f40_41xxx.o(.text)
    I2C1_EV_IRQHandler                       0x08000243   Thumb Code     0  startup_stm32f40_41xxx.o(.text)
    I2C2_ER_IRQHandler                       0x08000243   Thumb Code     0  startup_stm32f40_41xxx.o(.text)
    I2C2_EV_IRQHandler                       0x08000243   Thumb Code     0  startup_stm32f40_41xxx.o(.text)
    I2C3_ER_IRQHandler                       0x08000243   Thumb Code     0  startup_stm32f40_41xxx.o(.text)
    I2C3_EV_IRQHandler                       0x08000243   Thumb Code     0  startup_stm32f40_41xxx.o(.text)
    OTG_FS_IRQHandler                        0x08000243   Thumb Code     0  startup_stm32f40_41xxx.o(.text)
    OTG_FS_WKUP_IRQHandler                   0x08000243   Thumb Code     0  startup_stm32f40_41xxx.o(.text)
    OTG_HS_EP1_IN_IRQHandler                 0x08000243   Thumb Code     0  startup_stm32f40_41xxx.o(.text)
    OTG_HS_EP1_OUT_IRQHandler                0x08000243   Thumb Code     0  startup_stm32f40_41xxx.o(.text)
    OTG_HS_IRQHandler                        0x08000243   Thumb Code     0  startup_stm32f40_41xxx.o(.text)
    OTG_HS_WKUP_IRQHandler                   0x08000243   Thumb Code     0  startup_stm32f40_41xxx.o(.text)
    PVD_IRQHandler                           0x08000243   Thumb Code     0  startup_stm32f40_41xxx.o(.text)
    RCC_IRQHandler                           0x08000243   Thumb Code     0  startup_stm32f40_41xxx.o(.text)
    RTC_Alarm_IRQHandler                     0x08000243   Thumb Code     0  startup_stm32f40_41xxx.o(.text)
    RTC_WKUP_IRQHandler                      0x08000243   Thumb Code     0  startup_stm32f40_41xxx.o(.text)
    SDIO_IRQHandler                          0x08000243   Thumb Code     0  startup_stm32f40_41xxx.o(.text)
    SPI1_IRQHandler                          0x08000243   Thumb Code     0  startup_stm32f40_41xxx.o(.text)
    SPI2_IRQHandler                          0x08000243   Thumb Code     0  startup_stm32f40_41xxx.o(.text)
    SPI3_IRQHandler                          0x08000243   Thumb Code     0  startup_stm32f40_41xxx.o(.text)
    TAMP_STAMP_IRQHandler                    0x08000243   Thumb Code     0  startup_stm32f40_41xxx.o(.text)
    TIM1_BRK_TIM9_IRQHandler                 0x08000243   Thumb Code     0  startup_stm32f40_41xxx.o(.text)
    TIM1_TRG_COM_TIM11_IRQHandler            0x08000243   Thumb Code     0  startup_stm32f40_41xxx.o(.text)
    TIM2_IRQHandler                          0x08000243   Thumb Code     0  startup_stm32f40_41xxx.o(.text)
    TIM3_IRQHandler                          0x08000243   Thumb Code     0  startup_stm32f40_41xxx.o(.text)
    TIM6_DAC_IRQHandler                      0x08000243   Thumb Code     0  startup_stm32f40_41xxx.o(.text)
    TIM7_IRQHandler                          0x08000243   Thumb Code     0  startup_stm32f40_41xxx.o(.text)
    TIM8_BRK_TIM12_IRQHandler                0x08000243   Thumb Code     0  startup_stm32f40_41xxx.o(.text)
    TIM8_CC_IRQHandler                       0x08000243   Thumb Code     0  startup_stm32f40_41xxx.o(.text)
    TIM8_TRG_COM_TIM14_IRQHandler            0x08000243   Thumb Code     0  startup_stm32f40_41xxx.o(.text)
    TIM8_UP_TIM13_IRQHandler                 0x08000243   Thumb Code     0  startup_stm32f40_41xxx.o(.text)
    UART4_IRQHandler                         0x08000243   Thumb Code     0  startup_stm32f40_41xxx.o(.text)
    UART5_IRQHandler                         0x08000243   Thumb Code     0  startup_stm32f40_41xxx.o(.text)
    USART1_IRQHandler                        0x08000243   Thumb Code     0  startup_stm32f40_41xxx.o(.text)
    USART2_IRQHandler                        0x08000243   Thumb Code     0  startup_stm32f40_41xxx.o(.text)
    USART3_IRQHandler                        0x08000243   Thumb Code     0  startup_stm32f40_41xxx.o(.text)
    USART6_IRQHandler                        0x08000243   Thumb Code     0  startup_stm32f40_41xxx.o(.text)
    WWDG_IRQHandler                          0x08000243   Thumb Code     0  startup_stm32f40_41xxx.o(.text)
    __user_initial_stackheap                 0x08000245   Thumb Code     0  startup_stm32f40_41xxx.o(.text)
    __use_two_region_memory                  0x08000269   Thumb Code     2  heapauxi.o(.text)
    __rt_heap_escrow$2region                 0x0800026b   Thumb Code     2  heapauxi.o(.text)
    __rt_heap_expand$2region                 0x0800026d   Thumb Code     2  heapauxi.o(.text)
    __read_errno                             0x0800026f   Thumb Code    10  _rserrno.o(.text)
    __set_errno                              0x08000279   Thumb Code    12  _rserrno.o(.text)
    __aeabi_errno_addr                       0x08000285   Thumb Code     8  rt_errno_addr_intlibspace.o(.text)
    __errno$intlibspace                      0x08000285   Thumb Code     0  rt_errno_addr_intlibspace.o(.text)
    __rt_errno_addr$intlibspace              0x08000285   Thumb Code     0  rt_errno_addr_intlibspace.o(.text)
    __user_libspace                          0x0800028d   Thumb Code     8  libspace.o(.text)
    __user_perproc_libspace                  0x0800028d   Thumb Code     0  libspace.o(.text)
    __user_perthread_libspace                0x0800028d   Thumb Code     0  libspace.o(.text)
    __user_setup_stackheap                   0x08000295   Thumb Code    74  sys_stackheap_outer.o(.text)
    exit                                     0x080002df   Thumb Code    12  exit.o(.text)
    _sys_exit                                0x080002ed   Thumb Code     8  sys_exit.o(.text)
    __I$use$semihosting                      0x080002f9   Thumb Code     0  use_no_semi.o(.text)
    __use_no_semihosting_swi                 0x080002f9   Thumb Code     2  use_no_semi.o(.text)
    BusFault_Handler                         0x080002fb   Thumb Code     4  stm32f4xx_it.o(i.BusFault_Handler)
    __semihosting_library_function           0x080002fb   Thumb Code     0  indicate_semi.o(.text)
    DebugMon_Handler                         0x080002ff   Thumb Code     2  stm32f4xx_it.o(i.DebugMon_Handler)
    FLASH_DataCacheCmd                       0x08000301   Thumb Code    30  stm32f4xx_flash.o(i.FLASH_DataCacheCmd)
    FLASH_EraseSector                        0x08000325   Thumb Code   130  stm32f4xx_flash.o(i.FLASH_EraseSector)
    FLASH_GetStatus                          0x080003ad   Thumb Code    80  stm32f4xx_flash.o(i.FLASH_GetStatus)
    FLASH_Lock                               0x08000401   Thumb Code    14  stm32f4xx_flash.o(i.FLASH_Lock)
    FLASH_ProgramWord                        0x08000415   Thumb Code    74  stm32f4xx_flash.o(i.FLASH_ProgramWord)
    FLASH_Unlock                             0x08000465   Thumb Code    24  stm32f4xx_flash.o(i.FLASH_Unlock)
    FLASH_WaitForLastOperation               0x08000489   Thumb Code    34  stm32f4xx_flash.o(i.FLASH_WaitForLastOperation)
    GPIO_Init                                0x080004ab   Thumb Code   144  stm32f4xx_gpio.o(i.GPIO_Init)
    GPIO_PinAFConfig                         0x0800053b   Thumb Code    70  stm32f4xx_gpio.o(i.GPIO_PinAFConfig)
    GPIO_ResetBits                           0x08000581   Thumb Code     4  stm32f4xx_gpio.o(i.GPIO_ResetBits)
    GPIO_SetBits                             0x08000585   Thumb Code     4  stm32f4xx_gpio.o(i.GPIO_SetBits)
    HardFault_Handler                        0x08000589   Thumb Code     4  stm32f4xx_it.o(i.HardFault_Handler)
    IIC_Ack                                  0x0800058d   Thumb Code    66  mpu6050_iic.o(i.IIC_Ack)
    IIC_Init                                 0x080005dd   Thumb Code    62  mpu6050_iic.o(i.IIC_Init)
    IIC_NAck                                 0x08000629   Thumb Code    66  mpu6050_iic.o(i.IIC_NAck)
    IIC_Read_Byte                            0x08000679   Thumb Code    94  mpu6050_iic.o(i.IIC_Read_Byte)
    IIC_Send_Byte                            0x080006e5   Thumb Code    90  mpu6050_iic.o(i.IIC_Send_Byte)
    IIC_Start                                0x0800074d   Thumb Code    64  mpu6050_iic.o(i.IIC_Start)
    IIC_Stop                                 0x08000799   Thumb Code    62  mpu6050_iic.o(i.IIC_Stop)
    IIC_Wait_Ack                             0x080007e5   Thumb Code    82  mpu6050_iic.o(i.IIC_Wait_Ack)
    IMUupdate                                0x08000845   Thumb Code   858  mpu6050.o(i.IMUupdate)
    MPU6050_Data_Process                     0x08000bb5   Thumb Code   662  mpu6050.o(i.MPU6050_Data_Process)
    MPU_Read_Byte                            0x08000e71   Thumb Code    58  mpu6050.o(i.MPU_Read_Byte)
    MPU_Read_Len                             0x08000eab   Thumb Code   116  mpu6050.o(i.MPU_Read_Len)
    MPU_Set_Accel_Fsr                        0x08000f1f   Thumb Code    16  mpu6050.o(i.MPU_Set_Accel_Fsr)
    MPU_Set_Gyro_Fsr                         0x08000f2f   Thumb Code    16  mpu6050.o(i.MPU_Set_Gyro_Fsr)
    MPU_Set_LPF                              0x08000f3f   Thumb Code    58  mpu6050.o(i.MPU_Set_LPF)
    MPU_Set_Rate                             0x08000f79   Thumb Code    58  mpu6050.o(i.MPU_Set_Rate)
    MPU_Write_Byte                           0x08000fb3   Thumb Code    68  mpu6050.o(i.MPU_Write_Byte)
    MemManage_Handler                        0x08000ff7   Thumb Code     4  stm32f4xx_it.o(i.MemManage_Handler)
    NMI_Handler                              0x08000ffb   Thumb Code     2  stm32f4xx_it.o(i.NMI_Handler)
    NVIC_Init                                0x08000ffd   Thumb Code   106  misc.o(i.NVIC_Init)
    NVIC_PriorityGroupConfig                 0x08001075   Thumb Code    10  misc.o(i.NVIC_PriorityGroupConfig)
    PendSV_Handler                           0x08001089   Thumb Code     2  stm32f4xx_it.o(i.PendSV_Handler)
    RCC_AHB1PeriphClockCmd                   0x0800108d   Thumb Code    26  stm32f4xx_rcc.o(i.RCC_AHB1PeriphClockCmd)
    RCC_APB1PeriphClockCmd                   0x080010ad   Thumb Code    26  stm32f4xx_rcc.o(i.RCC_APB1PeriphClockCmd)
    RCC_APB2PeriphClockCmd                   0x080010cd   Thumb Code    26  stm32f4xx_rcc.o(i.RCC_APB2PeriphClockCmd)
    SVC_Handler                              0x080010ed   Thumb Code     2  stm32f4xx_it.o(i.SVC_Handler)
    SysTick_CLKSourceConfig                  0x080011dd   Thumb Code    40  misc.o(i.SysTick_CLKSourceConfig)
    SysTick_Handler                          0x08001205   Thumb Code     2  stm32f4xx_it.o(i.SysTick_Handler)
    SystemInit                               0x08001209   Thumb Code    88  system_stm32f4xx.o(i.SystemInit)
    TIM1_CC_IRQHandler                       0x08001395   Thumb Code   228  isr.o(i.TIM1_CC_IRQHandler)
    TIM1_UP_TIM10_IRQHandler                 0x08001485   Thumb Code    92  isr.o(i.TIM1_UP_TIM10_IRQHandler)
    TIM4_IRQHandler                          0x080014e9   Thumb Code    94  isr.o(i.TIM4_IRQHandler)
    TIM5_IRQHandler                          0x08001559   Thumb Code    74  isr.o(i.TIM5_IRQHandler)
    TIM_ARRPreloadConfig                     0x080015b1   Thumb Code    24  stm32f4xx_tim.o(i.TIM_ARRPreloadConfig)
    TIM_ClearITPendingBit                    0x080015c9   Thumb Code     6  stm32f4xx_tim.o(i.TIM_ClearITPendingBit)
    TIM_Cmd                                  0x080015cf   Thumb Code    24  stm32f4xx_tim.o(i.TIM_Cmd)
    TIM_GetCapture1                          0x080015e7   Thumb Code     6  stm32f4xx_tim.o(i.TIM_GetCapture1)
    TIM_GetITStatus                          0x080015ed   Thumb Code    34  stm32f4xx_tim.o(i.TIM_GetITStatus)
    TIM_ICInit                               0x0800160f   Thumb Code   110  stm32f4xx_tim.o(i.TIM_ICInit)
    TIM_ITConfig                             0x0800167d   Thumb Code    18  stm32f4xx_tim.o(i.TIM_ITConfig)
    TIM_OC1Init                              0x08001691   Thumb Code   114  stm32f4xx_tim.o(i.TIM_OC1Init)
    TIM_OC1PolarityConfig                    0x0800170d   Thumb Code    18  stm32f4xx_tim.o(i.TIM_OC1PolarityConfig)
    TIM_OC1PreloadConfig                     0x0800171f   Thumb Code    18  stm32f4xx_tim.o(i.TIM_OC1PreloadConfig)
    TIM_OC2Init                              0x08001731   Thumb Code   154  stm32f4xx_tim.o(i.TIM_OC2Init)
    TIM_OC2PreloadConfig                     0x080017d5   Thumb Code    26  stm32f4xx_tim.o(i.TIM_OC2PreloadConfig)
    TIM_OC3Init                              0x080017f1   Thumb Code   150  stm32f4xx_tim.o(i.TIM_OC3Init)
    TIM_OC3PreloadConfig                     0x08001891   Thumb Code    18  stm32f4xx_tim.o(i.TIM_OC3PreloadConfig)
    TIM_OC4Init                              0x080018a5   Thumb Code   112  stm32f4xx_tim.o(i.TIM_OC4Init)
    TIM_OC4PreloadConfig                     0x0800191d   Thumb Code    26  stm32f4xx_tim.o(i.TIM_OC4PreloadConfig)
    TIM_SetCompare1                          0x08001937   Thumb Code     4  stm32f4xx_tim.o(i.TIM_SetCompare1)
    TIM_SetCompare2                          0x0800193b   Thumb Code     4  stm32f4xx_tim.o(i.TIM_SetCompare2)
    TIM_SetCompare3                          0x0800193f   Thumb Code     4  stm32f4xx_tim.o(i.TIM_SetCompare3)
    TIM_SetCompare4                          0x08001943   Thumb Code     4  stm32f4xx_tim.o(i.TIM_SetCompare4)
    TIM_SetCounter                           0x08001947   Thumb Code     4  stm32f4xx_tim.o(i.TIM_SetCounter)
    TIM_SetIC1Prescaler                      0x0800194b   Thumb Code    18  stm32f4xx_tim.o(i.TIM_SetIC1Prescaler)
    TIM_SetIC2Prescaler                      0x0800195d   Thumb Code    26  stm32f4xx_tim.o(i.TIM_SetIC2Prescaler)
    TIM_SetIC3Prescaler                      0x08001977   Thumb Code    18  stm32f4xx_tim.o(i.TIM_SetIC3Prescaler)
    TIM_SetIC4Prescaler                      0x08001989   Thumb Code    26  stm32f4xx_tim.o(i.TIM_SetIC4Prescaler)
    TIM_TimeBaseInit                         0x080019a5   Thumb Code   104  stm32f4xx_tim.o(i.TIM_TimeBaseInit)
    UsageFault_Handler                       0x08001a29   Thumb Code     4  stm32f4xx_it.o(i.UsageFault_Handler)
    __ARM_fpclassify                         0x08001a2d   Thumb Code    48  fpclassify.o(i.__ARM_fpclassify)
    __hardfp_asin                            0x08001a61   Thumb Code   770  asin.o(i.__hardfp_asin)
    __kernel_poly                            0x08001dc1   Thumb Code   248  poly.o(i.__kernel_poly)
    __mathlib_dbl_infnan                     0x08001eb9   Thumb Code    20  dunder.o(i.__mathlib_dbl_infnan)
    __mathlib_dbl_invalid                    0x08001ed1   Thumb Code    24  dunder.o(i.__mathlib_dbl_invalid)
    __mathlib_dbl_underflow                  0x08001ef1   Thumb Code    24  dunder.o(i.__mathlib_dbl_underflow)
    auto_flow_process                        0x08001f11   Thumb Code   564  flow.o(i.auto_flow_process)
    auto_flow_switch                         0x08002171   Thumb Code    36  flow.o(i.auto_flow_switch)
    car_gpio_init                            0x08002199   Thumb Code   172  gpio.o(i.car_gpio_init)
    car_init                                 0x08002251   Thumb Code   212  car_system.o(i.car_init)
    communication_task                       0x0800233d   Thumb Code     8  application.o(i.communication_task)
    dc_motor_action_advance                  0x08002345   Thumb Code   142  wheel.o(i.dc_motor_action_advance)
    dc_motor_action_back                     0x080023e1   Thumb Code   142  wheel.o(i.dc_motor_action_back)
    dc_motor_action_brake                    0x0800247d   Thumb Code    28  wheel.o(i.dc_motor_action_brake)
    dc_motor_action_stop                     0x08002499   Thumb Code   134  wheel.o(i.dc_motor_action_stop)
    dc_motor_action_turn_left                0x0800252d   Thumb Code   138  wheel.o(i.dc_motor_action_turn_left)
    dc_motor_action_turn_right               0x080025c5   Thumb Code   138  wheel.o(i.dc_motor_action_turn_right)
    dc_motor_control                         0x0800265d   Thumb Code    32  application.o(i.dc_motor_control)
    dc_motor_op_advance                      0x08002681   Thumb Code    80  wheel.o(i.dc_motor_op_advance)
    dc_motor_op_back                         0x080026d9   Thumb Code    80  wheel.o(i.dc_motor_op_back)
    dc_motor_op_stop                         0x08002731   Thumb Code    80  wheel.o(i.dc_motor_op_stop)
    dc_motor_op_turn_left                    0x08002789   Thumb Code    80  wheel.o(i.dc_motor_op_turn_left)
    dc_motor_op_turn_right                   0x080027e1   Thumb Code    80  wheel.o(i.dc_motor_op_turn_right)
    delay_init                               0x08002839   Thumb Code    52  delay.o(i.delay_init)
    delay_ms                                 0x08002875   Thumb Code    56  delay.o(i.delay_ms)
    delay_us                                 0x080028ad   Thumb Code    72  delay.o(i.delay_us)
    delay_xms                                0x080028f9   Thumb Code    72  delay.o(i.delay_xms)
    fabs                                     0x08002945   Thumb Code    24  fabs.o(i.fabs)
    flow_process                             0x0800295d   Thumb Code    44  flow.o(i.flow_process)
    flow_switch                              0x0800298d   Thumb Code    44  flow.o(i.flow_switch)
    flow_switch_to                           0x080029bd   Thumb Code    92  flow.o(i.flow_switch_to)
    generate_ultrasonic_trigger_pulse        0x08002a21   Thumb Code    74  ultrasonic.o(i.generate_ultrasonic_trigger_pulse)
    get_steering_engine_angle                0x08002a8d   Thumb Code     8  steering_engine.o(i.get_steering_engine_angle)
    infrared_remote_init                     0x08002a99   Thumb Code   218  tim.o(i.infrared_remote_init)
    infrared_remote_scan                     0x08002b7d   Thumb Code    76  infrared_remote.o(i.infrared_remote_scan)
    infrared_remote_task                     0x08002bcd   Thumb Code   304  infrared_remote.o(i.infrared_remote_task)
    init_dc_motor                            0x08002d09   Thumb Code    52  wheel.o(i.init_dc_motor)
    init_flow_map                            0x08002d6d   Thumb Code    20  flow.o(i.init_flow_map)
    init_flow_process                        0x08002d91   Thumb Code     2  flow.o(i.init_flow_process)
    init_flow_switch                         0x08002d95   Thumb Code    36  flow.o(i.init_flow_switch)
    init_steering_engine                     0x08002dbd   Thumb Code    16  steering_engine.o(i.init_steering_engine)
    invSqrt                                  0x08002dd9   Thumb Code    48  mpu6050.o(i.invSqrt)
    led_init                                 0x08002e0d   Thumb Code    60  gpio.o(i.led_init)
    load_flash_data                          0x08002e4d   Thumb Code   106  flash.o(i.load_flash_data)
    main                                     0x08002ec5   Thumb Code   228  main.o(i.main)
    manual_flow_process                      0x08002fc5   Thumb Code   246  flow.o(i.manual_flow_process)
    manual_flow_switch                       0x080030c5   Thumb Code    36  flow.o(i.manual_flow_switch)
    motion_control                           0x080030ed   Thumb Code    12  application.o(i.motion_control)
    motion_init                              0x080030f9   Thumb Code    12  application.o(i.motion_init)
    motor_left_pwm_init                      0x08003105   Thumb Code   176  tim.o(i.motor_left_pwm_init)
    motor_right_pwm_init                     0x080031bd   Thumb Code   176  tim.o(i.motor_right_pwm_init)
    mpu6050_Init                             0x08003275   Thumb Code   122  mpu6050.o(i.mpu6050_Init)
    mpu6050_task                             0x080032ef   Thumb Code     8  mpu6050.o(i.mpu6050_task)
    mpu6050_update                           0x080032f9   Thumb Code    22  mpu6050.o(i.mpu6050_update)
    set_dc_motor_left_down_pwm               0x08003315   Thumb Code    24  bsp.o(i.set_dc_motor_left_down_pwm)
    set_dc_motor_left_up_pwm                 0x08003331   Thumb Code    24  bsp.o(i.set_dc_motor_left_up_pwm)
    set_dc_motor_operation                   0x0800334d   Thumb Code    16  wheel.o(i.set_dc_motor_operation)
    set_dc_motor_right_down_pwm              0x08003361   Thumb Code    24  bsp.o(i.set_dc_motor_right_down_pwm)
    set_dc_motor_right_up_pwm                0x0800337d   Thumb Code    24  bsp.o(i.set_dc_motor_right_up_pwm)
    set_steering_engine_angle                0x08003399   Thumb Code    80  steering_engine.o(i.set_steering_engine_angle)
    sqrt                                     0x080033f9   Thumb Code   110  sqrt.o(i.sqrt)
    steering_engine_action_turn_fix__angle   0x08003469   Thumb Code    18  steering_engine.o(i.steering_engine_action_turn_fix__angle)
    steering_engine_control                  0x08003481   Thumb Code    32  application.o(i.steering_engine_control)
    steering_engine_op_turn_fix_angle        0x080034a5   Thumb Code    56  steering_engine.o(i.steering_engine_op_turn_fix_angle)
    steering_engine_pwm_init                 0x080034e5   Thumb Code   152  tim.o(i.steering_engine_pwm_init)
    store_config_data                        0x08003581   Thumb Code    84  flash.o(i.store_config_data)
    sys_time_init                            0x080035dd   Thumb Code    90  tim.o(i.sys_time_init)
    ultrasonic_gpio_init                     0x0800363d   Thumb Code    54  gpio.o(i.ultrasonic_gpio_init)
    ultrasonic_task                          0x08003679   Thumb Code    78  ultrasonic.o(i.ultrasonic_task)
    ultrasonic_timer_init                    0x080036d9   Thumb Code   182  tim.o(i.ultrasonic_timer_init)
    update_sensor_data                       0x08003799   Thumb Code    16  application.o(i.update_sensor_data)
    __aeabi_dneg                             0x080037a9   Thumb Code     0  basic.o(x$fpl$basic)
    _dneg                                    0x080037a9   Thumb Code     6  basic.o(x$fpl$basic)
    __aeabi_fneg                             0x080037af   Thumb Code     0  basic.o(x$fpl$basic)
    _fneg                                    0x080037af   Thumb Code     6  basic.o(x$fpl$basic)
    _dabs                                    0x080037b5   Thumb Code     6  basic.o(x$fpl$basic)
    _fabs                                    0x080037bb   Thumb Code     6  basic.o(x$fpl$basic)
    __aeabi_d2f                              0x080037c1   Thumb Code     0  d2f.o(x$fpl$d2f)
    _d2f                                     0x080037c1   Thumb Code    98  d2f.o(x$fpl$d2f)
    __aeabi_dadd                             0x08003825   Thumb Code     0  daddsub_clz.o(x$fpl$dadd)
    _dadd                                    0x08003825   Thumb Code   332  daddsub_clz.o(x$fpl$dadd)
    __aeabi_ddiv                             0x08003975   Thumb Code     0  ddiv.o(x$fpl$ddiv)
    _ddiv                                    0x08003975   Thumb Code   552  ddiv.o(x$fpl$ddiv)
    __aeabi_ui2d                             0x08003c25   Thumb Code     0  dflt_clz.o(x$fpl$dfltu)
    _dfltu                                   0x08003c25   Thumb Code    38  dflt_clz.o(x$fpl$dfltu)
    __aeabi_dmul                             0x08003c4d   Thumb Code     0  dmul.o(x$fpl$dmul)
    _dmul                                    0x08003c4d   Thumb Code   332  dmul.o(x$fpl$dmul)
    __fpl_dnaninf                            0x08003da1   Thumb Code   156  dnaninf.o(x$fpl$dnaninf)
    __fpl_dretinf                            0x08003e3d   Thumb Code    12  dretinf.o(x$fpl$dretinf)
    __aeabi_drsub                            0x08003e49   Thumb Code     0  daddsub_clz.o(x$fpl$drsb)
    _drsb                                    0x08003e49   Thumb Code    22  daddsub_clz.o(x$fpl$drsb)
    _dsqrt                                   0x08003e61   Thumb Code   404  dsqrt_umaal.o(x$fpl$dsqrt)
    __aeabi_dsub                             0x08003ff9   Thumb Code     0  daddsub_clz.o(x$fpl$dsub)
    _dsub                                    0x08003ff9   Thumb Code   464  daddsub_clz.o(x$fpl$dsub)
    __aeabi_f2d                              0x080041cd   Thumb Code     0  f2d.o(x$fpl$f2d)
    _f2d                                     0x080041cd   Thumb Code    86  f2d.o(x$fpl$f2d)
    __fpl_fnaninf                            0x08004223   Thumb Code   140  fnaninf.o(x$fpl$fnaninf)
    _fp_init                                 0x080042af   Thumb Code    10  fpinit.o(x$fpl$fpinit)
    __fplib_config_fpu_vfp                   0x080042b7   Thumb Code     0  fpinit.o(x$fpl$fpinit)
    __fplib_config_pureend_doubles           0x080042b7   Thumb Code     0  fpinit.o(x$fpl$fpinit)
    __fpl_fretinf                            0x080042b9   Thumb Code    10  fretinf.o(x$fpl$fretinf)
    __I$use$fp                               0x080042c2   Number         0  usenofp.o(x$fpl$usenofp)
    Region$$Table$$Base                      0x08004318   Number         0  anon$$obj.o(Region$$Table)
    Region$$Table$$Limit                     0x08004338   Number         0  anon$$obj.o(Region$$Table)
    i                                        0x20000000   Data           4  main.o(.data)
    j                                        0x20000004   Data           4  main.o(.data)
    k                                        0x20000008   Data           4  main.o(.data)
    l                                        0x2000000c   Data           4  main.o(.data)
    systick_10us                             0x20000014   Data           4  isr.o(.data)
    systick_ms                               0x20000018   Data           4  isr.o(.data)
    system_flag_4ms_1                        0x2000001c   Data           1  isr.o(.data)
    system_flag_4ms_2                        0x2000001d   Data           1  isr.o(.data)
    car                                      0x20000024   Data         296  car_system.o(.bss)
    flash_data                               0x2000014c   Data          16  flash.o(.bss)
    init_flow                                0x2000015c   Data          28  flow.o(.bss)
    manual_flow                              0x20000178   Data          28  flow.o(.bss)
    auto_flow                                0x20000194   Data          28  flow.o(.bss)
    flow_map                                 0x200001b0   Data          16  flow.o(.bss)
    __libspace_start                         0x200001c0   Data          96  libspace.o(.bss)
    __temporary_stack_top$libspace           0x20000220   Data           0  libspace.o(.bss)



==============================================================================

Memory Map of the image

  Image Entry point : 0x08000189

  Load Region LR_IROM1 (Base: 0x08000000, Size: 0x0000435c, Max: 0x00100000, ABSOLUTE)

    Execution Region ER_IROM1 (Base: 0x08000000, Size: 0x00004338, Max: 0x00100000, ABSOLUTE)

    Base Addr    Size         Type   Attr      Idx    E Section Name        Object

    0x08000000   0x00000188   Data   RO          313    RESET               startup_stm32f40_41xxx.o
    0x08000188   0x00000008   Code   RO         3298  * !!!main             c_w.l(__main.o)
    0x08000190   0x00000034   Code   RO         3550    !!!scatter          c_w.l(__scatter.o)
    0x080001c4   0x0000001a   Code   RO         3552    !!handler_copy      c_w.l(__scatter_copy.o)
    0x080001de   0x00000002   PAD
    0x080001e0   0x0000001c   Code   RO         3554    !!handler_zi        c_w.l(__scatter_zi.o)
    0x080001fc   0x00000002   Code   RO         3422    .ARM.Collect$$libinit$$00000000  c_w.l(libinit.o)
    0x080001fe   0x00000004   Code   RO         3427    .ARM.Collect$$libinit$$00000001  c_w.l(libinit2.o)
    0x08000202   0x00000000   Code   RO         3430    .ARM.Collect$$libinit$$00000004  c_w.l(libinit2.o)
    0x08000202   0x00000000   Code   RO         3433    .ARM.Collect$$libinit$$0000000A  c_w.l(libinit2.o)
    0x08000202   0x00000000   Code   RO         3435    .ARM.Collect$$libinit$$0000000C  c_w.l(libinit2.o)
    0x08000202   0x00000000   Code   RO         3437    .ARM.Collect$$libinit$$0000000E  c_w.l(libinit2.o)
    0x08000202   0x00000000   Code   RO         3440    .ARM.Collect$$libinit$$00000011  c_w.l(libinit2.o)
    0x08000202   0x00000000   Code   RO         3442    .ARM.Collect$$libinit$$00000013  c_w.l(libinit2.o)
    0x08000202   0x00000000   Code   RO         3444    .ARM.Collect$$libinit$$00000015  c_w.l(libinit2.o)
    0x08000202   0x00000000   Code   RO         3446    .ARM.Collect$$libinit$$00000017  c_w.l(libinit2.o)
    0x08000202   0x00000000   Code   RO         3448    .ARM.Collect$$libinit$$00000019  c_w.l(libinit2.o)
    0x08000202   0x00000000   Code   RO         3450    .ARM.Collect$$libinit$$0000001B  c_w.l(libinit2.o)
    0x08000202   0x00000000   Code   RO         3452    .ARM.Collect$$libinit$$0000001D  c_w.l(libinit2.o)
    0x08000202   0x00000000   Code   RO         3454    .ARM.Collect$$libinit$$0000001F  c_w.l(libinit2.o)
    0x08000202   0x00000000   Code   RO         3456    .ARM.Collect$$libinit$$00000021  c_w.l(libinit2.o)
    0x08000202   0x00000000   Code   RO         3458    .ARM.Collect$$libinit$$00000023  c_w.l(libinit2.o)
    0x08000202   0x00000000   Code   RO         3460    .ARM.Collect$$libinit$$00000025  c_w.l(libinit2.o)
    0x08000202   0x00000000   Code   RO         3464    .ARM.Collect$$libinit$$0000002C  c_w.l(libinit2.o)
    0x08000202   0x00000000   Code   RO         3466    .ARM.Collect$$libinit$$0000002E  c_w.l(libinit2.o)
    0x08000202   0x00000000   Code   RO         3468    .ARM.Collect$$libinit$$00000030  c_w.l(libinit2.o)
    0x08000202   0x00000000   Code   RO         3470    .ARM.Collect$$libinit$$00000032  c_w.l(libinit2.o)
    0x08000202   0x00000002   Code   RO         3471    .ARM.Collect$$libinit$$00000033  c_w.l(libinit2.o)
    0x08000204   0x00000002   Code   RO         3491    .ARM.Collect$$libshutdown$$00000000  c_w.l(libshutdown.o)
    0x08000206   0x00000000   Code   RO         3505    .ARM.Collect$$libshutdown$$00000003  c_w.l(libshutdown2.o)
    0x08000206   0x00000000   Code   RO         3508    .ARM.Collect$$libshutdown$$00000006  c_w.l(libshutdown2.o)
    0x08000206   0x00000000   Code   RO         3511    .ARM.Collect$$libshutdown$$00000009  c_w.l(libshutdown2.o)
    0x08000206   0x00000000   Code   RO         3513    .ARM.Collect$$libshutdown$$0000000B  c_w.l(libshutdown2.o)
    0x08000206   0x00000000   Code   RO         3516    .ARM.Collect$$libshutdown$$0000000E  c_w.l(libshutdown2.o)
    0x08000206   0x00000002   Code   RO         3517    .ARM.Collect$$libshutdown$$0000000F  c_w.l(libshutdown2.o)
    0x08000208   0x00000000   Code   RO         3338    .ARM.Collect$$rtentry$$00000000  c_w.l(__rtentry.o)
    0x08000208   0x00000000   Code   RO         3387    .ARM.Collect$$rtentry$$00000002  c_w.l(__rtentry2.o)
    0x08000208   0x00000006   Code   RO         3399    .ARM.Collect$$rtentry$$00000004  c_w.l(__rtentry4.o)
    0x0800020e   0x00000000   Code   RO         3389    .ARM.Collect$$rtentry$$00000009  c_w.l(__rtentry2.o)
    0x0800020e   0x00000004   Code   RO         3390    .ARM.Collect$$rtentry$$0000000A  c_w.l(__rtentry2.o)
    0x08000212   0x00000000   Code   RO         3392    .ARM.Collect$$rtentry$$0000000C  c_w.l(__rtentry2.o)
    0x08000212   0x00000008   Code   RO         3393    .ARM.Collect$$rtentry$$0000000D  c_w.l(__rtentry2.o)
    0x0800021a   0x00000002   Code   RO         3425    .ARM.Collect$$rtexit$$00000000  c_w.l(rtexit.o)
    0x0800021c   0x00000000   Code   RO         3473    .ARM.Collect$$rtexit$$00000002  c_w.l(rtexit2.o)
    0x0800021c   0x00000004   Code   RO         3474    .ARM.Collect$$rtexit$$00000003  c_w.l(rtexit2.o)
    0x08000220   0x00000006   Code   RO         3475    .ARM.Collect$$rtexit$$00000004  c_w.l(rtexit2.o)
    0x08000226   0x00000002   PAD
    0x08000228   0x00000040   Code   RO          314    .text               startup_stm32f40_41xxx.o
    0x08000268   0x00000006   Code   RO         3296    .text               c_w.l(heapauxi.o)
    0x0800026e   0x00000016   Code   RO         3339    .text               c_w.l(_rserrno.o)
    0x08000284   0x00000008   Code   RO         3404    .text               c_w.l(rt_errno_addr_intlibspace.o)
    0x0800028c   0x00000008   Code   RO         3410    .text               c_w.l(libspace.o)
    0x08000294   0x0000004a   Code   RO         3413    .text               c_w.l(sys_stackheap_outer.o)
    0x080002de   0x0000000c   Code   RO         3415    .text               c_w.l(exit.o)
    0x080002ea   0x00000002   PAD
    0x080002ec   0x0000000c   Code   RO         3483    .text               c_w.l(sys_exit.o)
    0x080002f8   0x00000002   Code   RO         3494    .text               c_w.l(use_no_semi.o)
    0x080002fa   0x00000000   Code   RO         3496    .text               c_w.l(indicate_semi.o)
    0x080002fa   0x00000004   Code   RO          205    i.BusFault_Handler  stm32f4xx_it.o
    0x080002fe   0x00000002   Code   RO          206    i.DebugMon_Handler  stm32f4xx_it.o
    0x08000300   0x00000024   Code   RO         2167    i.FLASH_DataCacheCmd  stm32f4xx_flash.o
    0x08000324   0x00000088   Code   RO         2172    i.FLASH_EraseSector  stm32f4xx_flash.o
    0x080003ac   0x00000054   Code   RO         2174    i.FLASH_GetStatus   stm32f4xx_flash.o
    0x08000400   0x00000014   Code   RO         2178    i.FLASH_Lock        stm32f4xx_flash.o
    0x08000414   0x00000050   Code   RO         2202    i.FLASH_ProgramWord  stm32f4xx_flash.o
    0x08000464   0x00000024   Code   RO         2204    i.FLASH_Unlock      stm32f4xx_flash.o
    0x08000488   0x00000022   Code   RO         2205    i.FLASH_WaitForLastOperation  stm32f4xx_flash.o
    0x080004aa   0x00000090   Code   RO          453    i.GPIO_Init         stm32f4xx_gpio.o
    0x0800053a   0x00000046   Code   RO          454    i.GPIO_PinAFConfig  stm32f4xx_gpio.o
    0x08000580   0x00000004   Code   RO          460    i.GPIO_ResetBits    stm32f4xx_gpio.o
    0x08000584   0x00000004   Code   RO          461    i.GPIO_SetBits      stm32f4xx_gpio.o
    0x08000588   0x00000004   Code   RO          207    i.HardFault_Handler  stm32f4xx_it.o
    0x0800058c   0x00000050   Code   RO         2830    i.IIC_Ack           mpu6050_iic.o
    0x080005dc   0x0000004c   Code   RO         2831    i.IIC_Init          mpu6050_iic.o
    0x08000628   0x00000050   Code   RO         2832    i.IIC_NAck          mpu6050_iic.o
    0x08000678   0x0000006c   Code   RO         2833    i.IIC_Read_Byte     mpu6050_iic.o
    0x080006e4   0x00000068   Code   RO         2834    i.IIC_Send_Byte     mpu6050_iic.o
    0x0800074c   0x0000004c   Code   RO         2835    i.IIC_Start         mpu6050_iic.o
    0x08000798   0x0000004c   Code   RO         2836    i.IIC_Stop          mpu6050_iic.o
    0x080007e4   0x00000060   Code   RO         2837    i.IIC_Wait_Ack      mpu6050_iic.o
    0x08000844   0x00000370   Code   RO         2713    i.IMUupdate         mpu6050.o
    0x08000bb4   0x000002bc   Code   RO         2714    i.MPU6050_Data_Process  mpu6050.o
    0x08000e70   0x0000003a   Code   RO         2718    i.MPU_Read_Byte     mpu6050.o
    0x08000eaa   0x00000074   Code   RO         2719    i.MPU_Read_Len      mpu6050.o
    0x08000f1e   0x00000010   Code   RO         2720    i.MPU_Set_Accel_Fsr  mpu6050.o
    0x08000f2e   0x00000010   Code   RO         2721    i.MPU_Set_Gyro_Fsr  mpu6050.o
    0x08000f3e   0x0000003a   Code   RO         2722    i.MPU_Set_LPF       mpu6050.o
    0x08000f78   0x0000003a   Code   RO         2723    i.MPU_Set_Rate      mpu6050.o
    0x08000fb2   0x00000044   Code   RO         2724    i.MPU_Write_Byte    mpu6050.o
    0x08000ff6   0x00000004   Code   RO          208    i.MemManage_Handler  stm32f4xx_it.o
    0x08000ffa   0x00000002   Code   RO          209    i.NMI_Handler       stm32f4xx_it.o
    0x08000ffc   0x00000078   Code   RO          320    i.NVIC_Init         misc.o
    0x08001074   0x00000014   Code   RO          321    i.NVIC_PriorityGroupConfig  misc.o
    0x08001088   0x00000002   Code   RO          210    i.PendSV_Handler    stm32f4xx_it.o
    0x0800108a   0x00000002   PAD
    0x0800108c   0x00000020   Code   RO          672    i.RCC_AHB1PeriphClockCmd  stm32f4xx_rcc.o
    0x080010ac   0x00000020   Code   RO          681    i.RCC_APB1PeriphClockCmd  stm32f4xx_rcc.o
    0x080010cc   0x00000020   Code   RO          684    i.RCC_APB2PeriphClockCmd  stm32f4xx_rcc.o
    0x080010ec   0x00000002   Code   RO          211    i.SVC_Handler       stm32f4xx_it.o
    0x080010ee   0x00000002   PAD
    0x080010f0   0x000000ec   Code   RO          276    i.SetSysClock       system_stm32f4xx.o
    0x080011dc   0x00000028   Code   RO          324    i.SysTick_CLKSourceConfig  misc.o
    0x08001204   0x00000002   Code   RO          212    i.SysTick_Handler   stm32f4xx_it.o
    0x08001206   0x00000002   PAD
    0x08001208   0x00000068   Code   RO          278    i.SystemInit        system_stm32f4xx.o
    0x08001270   0x0000003a   Code   RO         1416    i.TI1_Config        stm32f4xx_tim.o
    0x080012aa   0x00000050   Code   RO         1417    i.TI2_Config        stm32f4xx_tim.o
    0x080012fa   0x00000048   Code   RO         1418    i.TI3_Config        stm32f4xx_tim.o
    0x08001342   0x00000050   Code   RO         1419    i.TI4_Config        stm32f4xx_tim.o
    0x08001392   0x00000002   PAD
    0x08001394   0x000000f0   Code   RO         2631    i.TIM1_CC_IRQHandler  isr.o
    0x08001484   0x00000064   Code   RO         2632    i.TIM1_UP_TIM10_IRQHandler  isr.o
    0x080014e8   0x00000070   Code   RO         2633    i.TIM4_IRQHandler   isr.o
    0x08001558   0x00000058   Code   RO         2634    i.TIM5_IRQHandler   isr.o
    0x080015b0   0x00000018   Code   RO         1420    i.TIM_ARRPreloadConfig  stm32f4xx_tim.o
    0x080015c8   0x00000006   Code   RO         1427    i.TIM_ClearITPendingBit  stm32f4xx_tim.o
    0x080015ce   0x00000018   Code   RO         1432    i.TIM_Cmd           stm32f4xx_tim.o
    0x080015e6   0x00000006   Code   RO         1447    i.TIM_GetCapture1   stm32f4xx_tim.o
    0x080015ec   0x00000022   Code   RO         1453    i.TIM_GetITStatus   stm32f4xx_tim.o
    0x0800160e   0x0000006e   Code   RO         1455    i.TIM_ICInit        stm32f4xx_tim.o
    0x0800167c   0x00000012   Code   RO         1457    i.TIM_ITConfig      stm32f4xx_tim.o
    0x0800168e   0x00000002   PAD
    0x08001690   0x0000007c   Code   RO         1461    i.TIM_OC1Init       stm32f4xx_tim.o
    0x0800170c   0x00000012   Code   RO         1463    i.TIM_OC1PolarityConfig  stm32f4xx_tim.o
    0x0800171e   0x00000012   Code   RO         1464    i.TIM_OC1PreloadConfig  stm32f4xx_tim.o
    0x08001730   0x000000a4   Code   RO         1466    i.TIM_OC2Init       stm32f4xx_tim.o
    0x080017d4   0x0000001a   Code   RO         1469    i.TIM_OC2PreloadConfig  stm32f4xx_tim.o
    0x080017ee   0x00000002   PAD
    0x080017f0   0x000000a0   Code   RO         1471    i.TIM_OC3Init       stm32f4xx_tim.o
    0x08001890   0x00000012   Code   RO         1474    i.TIM_OC3PreloadConfig  stm32f4xx_tim.o
    0x080018a2   0x00000002   PAD
    0x080018a4   0x00000078   Code   RO         1476    i.TIM_OC4Init       stm32f4xx_tim.o
    0x0800191c   0x0000001a   Code   RO         1478    i.TIM_OC4PreloadConfig  stm32f4xx_tim.o
    0x08001936   0x00000004   Code   RO         1494    i.TIM_SetCompare1   stm32f4xx_tim.o
    0x0800193a   0x00000004   Code   RO         1495    i.TIM_SetCompare2   stm32f4xx_tim.o
    0x0800193e   0x00000004   Code   RO         1496    i.TIM_SetCompare3   stm32f4xx_tim.o
    0x08001942   0x00000004   Code   RO         1497    i.TIM_SetCompare4   stm32f4xx_tim.o
    0x08001946   0x00000004   Code   RO         1498    i.TIM_SetCounter    stm32f4xx_tim.o
    0x0800194a   0x00000012   Code   RO         1499    i.TIM_SetIC1Prescaler  stm32f4xx_tim.o
    0x0800195c   0x0000001a   Code   RO         1500    i.TIM_SetIC2Prescaler  stm32f4xx_tim.o
    0x08001976   0x00000012   Code   RO         1501    i.TIM_SetIC3Prescaler  stm32f4xx_tim.o
    0x08001988   0x0000001a   Code   RO         1502    i.TIM_SetIC4Prescaler  stm32f4xx_tim.o
    0x080019a2   0x00000002   PAD
    0x080019a4   0x00000084   Code   RO         1504    i.TIM_TimeBaseInit  stm32f4xx_tim.o
    0x08001a28   0x00000004   Code   RO          213    i.UsageFault_Handler  stm32f4xx_it.o
    0x08001a2c   0x00000030   Code   RO         3370    i.__ARM_fpclassify  m_wm.l(fpclassify.o)
    0x08001a5c   0x00000004   PAD
    0x08001a60   0x00000360   Code   RO         3324    i.__hardfp_asin     m_wm.l(asin.o)
    0x08001dc0   0x000000f8   Code   RO         3372    i.__kernel_poly     m_wm.l(poly.o)
    0x08001eb8   0x00000014   Code   RO         3351    i.__mathlib_dbl_infnan  m_wm.l(dunder.o)
    0x08001ecc   0x00000004   PAD
    0x08001ed0   0x00000020   Code   RO         3353    i.__mathlib_dbl_invalid  m_wm.l(dunder.o)
    0x08001ef0   0x00000020   Code   RO         3356    i.__mathlib_dbl_underflow  m_wm.l(dunder.o)
    0x08001f10   0x00000260   Code   RO         3210    i.auto_flow_process  flow.o
    0x08002170   0x00000028   Code   RO         3211    i.auto_flow_switch  flow.o
    0x08002198   0x000000b8   Code   RO         2478    i.car_gpio_init     gpio.o
    0x08002250   0x000000ec   Code   RO         2598    i.car_init          car_system.o
    0x0800233c   0x00000008   Code   RO         3015    i.communication_task  application.o
    0x08002344   0x0000009c   Code   RO         3074    i.dc_motor_action_advance  wheel.o
    0x080023e0   0x0000009c   Code   RO         3075    i.dc_motor_action_back  wheel.o
    0x0800247c   0x0000001c   Code   RO         3076    i.dc_motor_action_brake  wheel.o
    0x08002498   0x00000094   Code   RO         3077    i.dc_motor_action_stop  wheel.o
    0x0800252c   0x00000098   Code   RO         3078    i.dc_motor_action_turn_left  wheel.o
    0x080025c4   0x00000098   Code   RO         3079    i.dc_motor_action_turn_right  wheel.o
    0x0800265c   0x00000024   Code   RO         3016    i.dc_motor_control  application.o
    0x08002680   0x00000058   Code   RO         3080    i.dc_motor_op_advance  wheel.o
    0x080026d8   0x00000058   Code   RO         3081    i.dc_motor_op_back  wheel.o
    0x08002730   0x00000058   Code   RO         3082    i.dc_motor_op_stop  wheel.o
    0x08002788   0x00000058   Code   RO         3083    i.dc_motor_op_turn_left  wheel.o
    0x080027e0   0x00000058   Code   RO         3084    i.dc_motor_op_turn_right  wheel.o
    0x08002838   0x0000003c   Code   RO         2420    i.delay_init        delay.o
    0x08002874   0x00000038   Code   RO         2421    i.delay_ms          delay.o
    0x080028ac   0x0000004c   Code   RO         2422    i.delay_us          delay.o
    0x080028f8   0x0000004c   Code   RO         2423    i.delay_xms         delay.o
    0x08002944   0x00000018   Code   RO         3366    i.fabs              m_wm.l(fabs.o)
    0x0800295c   0x00000030   Code   RO         3212    i.flow_process      flow.o
    0x0800298c   0x00000030   Code   RO         3213    i.flow_switch       flow.o
    0x080029bc   0x00000064   Code   RO         3214    i.flow_switch_to    flow.o
    0x08002a20   0x0000005c   Code   RO         2924    i.generate_ultrasonic_trigger_pulse  ultrasonic.o
    0x08002a7c   0x00000010   Code   RO         3215    i.get_flow_from_type  flow.o
    0x08002a8c   0x0000000c   Code   RO         3166    i.get_steering_engine_angle  steering_engine.o
    0x08002a98   0x000000e4   Code   RO         2510    i.infrared_remote_init  tim.o
    0x08002b7c   0x00000050   Code   RO         2687    i.infrared_remote_scan  infrared_remote.o
    0x08002bcc   0x0000013c   Code   RO         2688    i.infrared_remote_task  infrared_remote.o
    0x08002d08   0x00000064   Code   RO         3085    i.init_dc_motor     wheel.o
    0x08002d6c   0x00000024   Code   RO         3216    i.init_flow_map     flow.o
    0x08002d90   0x00000002   Code   RO         3217    i.init_flow_process  flow.o
    0x08002d92   0x00000002   PAD
    0x08002d94   0x00000028   Code   RO         3218    i.init_flow_switch  flow.o
    0x08002dbc   0x0000001c   Code   RO         3167    i.init_steering_engine  steering_engine.o
    0x08002dd8   0x00000034   Code   RO         2726    i.invSqrt           mpu6050.o
    0x08002e0c   0x00000040   Code   RO         2479    i.led_init          gpio.o
    0x08002e4c   0x00000078   Code   RO         2892    i.load_flash_data   flash.o
    0x08002ec4   0x00000100   Code   RO            3    i.main              main.o
    0x08002fc4   0x00000100   Code   RO         3219    i.manual_flow_process  flow.o
    0x080030c4   0x00000028   Code   RO         3220    i.manual_flow_switch  flow.o
    0x080030ec   0x0000000c   Code   RO         3017    i.motion_control    application.o
    0x080030f8   0x0000000c   Code   RO         3018    i.motion_init       application.o
    0x08003104   0x000000b8   Code   RO         2511    i.motor_left_pwm_init  tim.o
    0x080031bc   0x000000b8   Code   RO         2512    i.motor_right_pwm_init  tim.o
    0x08003274   0x0000007a   Code   RO         2727    i.mpu6050_Init      mpu6050.o
    0x080032ee   0x00000008   Code   RO         2728    i.mpu6050_task      mpu6050.o
    0x080032f6   0x00000002   PAD
    0x080032f8   0x0000001c   Code   RO         2729    i.mpu6050_update    mpu6050.o
    0x08003314   0x0000001c   Code   RO         2560    i.set_dc_motor_left_down_pwm  bsp.o
    0x08003330   0x0000001c   Code   RO         2561    i.set_dc_motor_left_up_pwm  bsp.o
    0x0800334c   0x00000014   Code   RO         3086    i.set_dc_motor_operation  wheel.o
    0x08003360   0x0000001c   Code   RO         2562    i.set_dc_motor_right_down_pwm  bsp.o
    0x0800337c   0x0000001c   Code   RO         2563    i.set_dc_motor_right_up_pwm  bsp.o
    0x08003398   0x00000060   Code   RO         3168    i.set_steering_engine_angle  steering_engine.o
    0x080033f8   0x0000006e   Code   RO         3376    i.sqrt              m_wm.l(sqrt.o)
    0x08003466   0x00000002   PAD
    0x08003468   0x00000018   Code   RO         3169    i.steering_engine_action_turn_fix__angle  steering_engine.o
    0x08003480   0x00000024   Code   RO         3019    i.steering_engine_control  application.o
    0x080034a4   0x00000040   Code   RO         3170    i.steering_engine_op_turn_fix_angle  steering_engine.o
    0x080034e4   0x0000009c   Code   RO         2513    i.steering_engine_pwm_init  tim.o
    0x08003580   0x0000005c   Code   RO         2893    i.store_config_data  flash.o
    0x080035dc   0x00000060   Code   RO         2514    i.sys_time_init     tim.o
    0x0800363c   0x0000003c   Code   RO         2480    i.ultrasonic_gpio_init  gpio.o
    0x08003678   0x00000060   Code   RO         2925    i.ultrasonic_task   ultrasonic.o
    0x080036d8   0x000000c0   Code   RO         2515    i.ultrasonic_timer_init  tim.o
    0x08003798   0x00000010   Code   RO         3020    i.update_sensor_data  application.o
    0x080037a8   0x00000018   Code   RO         3300    x$fpl$basic         fz_wm.l(basic.o)
    0x080037c0   0x00000062   Code   RO         3302    x$fpl$d2f           fz_wm.l(d2f.o)
    0x08003822   0x00000002   PAD
    0x08003824   0x00000150   Code   RO         3304    x$fpl$dadd          fz_wm.l(daddsub_clz.o)
    0x08003974   0x000002b0   Code   RO         3311    x$fpl$ddiv          fz_wm.l(ddiv.o)
    0x08003c24   0x00000026   Code   RO         3314    x$fpl$dfltu         fz_wm.l(dflt_clz.o)
    0x08003c4a   0x00000002   PAD
    0x08003c4c   0x00000154   Code   RO         3320    x$fpl$dmul          fz_wm.l(dmul.o)
    0x08003da0   0x0000009c   Code   RO         3341    x$fpl$dnaninf       fz_wm.l(dnaninf.o)
    0x08003e3c   0x0000000c   Code   RO         3343    x$fpl$dretinf       fz_wm.l(dretinf.o)
    0x08003e48   0x00000016   Code   RO         3305    x$fpl$drsb          fz_wm.l(daddsub_clz.o)
    0x08003e5e   0x00000002   PAD
    0x08003e60   0x00000198   Code   RO         3408    x$fpl$dsqrt         fz_wm.l(dsqrt_umaal.o)
    0x08003ff8   0x000001d4   Code   RO         3306    x$fpl$dsub          fz_wm.l(daddsub_clz.o)
    0x080041cc   0x00000056   Code   RO         3322    x$fpl$f2d           fz_wm.l(f2d.o)
    0x08004222   0x0000008c   Code   RO         3345    x$fpl$fnaninf       fz_wm.l(fnaninf.o)
    0x080042ae   0x0000000a   Code   RO         3481    x$fpl$fpinit        fz_wm.l(fpinit.o)
    0x080042b8   0x0000000a   Code   RO         3347    x$fpl$fretinf       fz_wm.l(fretinf.o)
    0x080042c2   0x00000000   Code   RO         3349    x$fpl$usenofp       fz_wm.l(usenofp.o)
    0x080042c2   0x00000006   PAD
    0x080042c8   0x00000050   Data   RO         3327    .constdata          m_wm.l(asin.o)
    0x08004318   0x00000020   Data   RO         3548    Region$$Table       anon$$obj.o


    Execution Region RW_IRAM1 (Base: 0x20000000, Size: 0x00000820, Max: 0x00020000, ABSOLUTE)

    Base Addr    Size         Type   Attr      Idx    E Section Name        Object

    0x20000000   0x00000010   Data   RW            4    .data               main.o
    0x20000010   0x00000004   Data   RW         2424    .data               delay.o
    0x20000014   0x0000000a   Data   RW         2635    .data               isr.o
    0x2000001e   0x00000004   Data   RW         2730    .data               mpu6050.o
    0x20000022   0x00000001   Data   RW         3222    .data               flow.o
    0x20000023   0x00000001   PAD
    0x20000024   0x00000128   Zero   RW         2599    .bss                car_system.o
    0x2000014c   0x00000010   Zero   RW         2894    .bss                flash.o
    0x2000015c   0x00000064   Zero   RW         3221    .bss                flow.o
    0x200001c0   0x00000060   Zero   RW         3411    .bss                c_w.l(libspace.o)
    0x20000220   0x00000200   Zero   RW          312    HEAP                startup_stm32f40_41xxx.o
    0x20000420   0x00000400   Zero   RW          311    STACK               startup_stm32f40_41xxx.o


==============================================================================

Image component sizes


      Code (inc. data)   RO Data    RW Data    ZI Data      Debug   Object Name

       120          8          0          0          0       3430   application.o
       112         16          0          0          0       2190   bsp.o
       236         24          0          0        296       4889   car_system.o
       268         16          0          4          0       2423   delay.o
       212         22          0          0         16       2407   flash.o
      1234        122          0          1        100       6670   flow.o
       308         22          0          0          0       1758   gpio.o
       396         16          0          0          0       1626   infrared_remote.o
       540         52          0         10          0       4000   isr.o
       256         28          0         16          0      44817   main.o
       180         24          0          0          0     231177   misc.o
      2180         70          0          4          0       8900   mpu6050.o
       696        110          0          0          0       4522   mpu6050_iic.o
        64         26        392          0       1536        832   startup_stm32f40_41xxx.o
       224         46          0          0          0       3136   steering_engine.o
       426         40          0          0          0       4360   stm32f4xx_flash.o
       222          0          0          0          0       2795   stm32f4xx_gpio.o
        26          0          0          0          0       3954   stm32f4xx_it.o
        96         18          0          0          0       1731   stm32f4xx_rcc.o
      1426         66          0          0          0      18877   stm32f4xx_tim.o
       340         32          0          0          0       1437   system_stm32f4xx.o
      1040         46          0          0          0       4439   tim.o
       188         36          0          0          0       1526   ultrasonic.o
      1352        162          0          0          0       7459   wheel.o

    ----------------------------------------------------------------------
     12162       1002        424         36       1948     369355   Object Totals
         0          0         32          0          0          0   (incl. Generated)
        20          0          0          1          0          0   (incl. Padding)

    ----------------------------------------------------------------------

      Code (inc. data)   RO Data    RW Data    ZI Data      Debug   Library Member Name

         8          0          0          0          0         68   __main.o
         0          0          0          0          0          0   __rtentry.o
        12          0          0          0          0          0   __rtentry2.o
         6          0          0          0          0          0   __rtentry4.o
        52          8          0          0          0          0   __scatter.o
        26          0          0          0          0          0   __scatter_copy.o
        28          0          0          0          0          0   __scatter_zi.o
        22          0          0          0          0        100   _rserrno.o
        12          0          0          0          0         72   exit.o
         6          0          0          0          0        152   heapauxi.o
         0          0          0          0          0          0   indicate_semi.o
         2          0          0          0          0          0   libinit.o
         6          0          0          0          0          0   libinit2.o
         2          0          0          0          0          0   libshutdown.o
         2          0          0          0          0          0   libshutdown2.o
         8          4          0          0         96         68   libspace.o
         8          4          0          0          0         68   rt_errno_addr_intlibspace.o
         2          0          0          0          0          0   rtexit.o
        10          0          0          0          0          0   rtexit2.o
        12          4          0          0          0         68   sys_exit.o
        74          0          0          0          0         80   sys_stackheap_outer.o
         2          0          0          0          0         68   use_no_semi.o
        24          0          0          0          0        164   basic.o
        98          4          0          0          0        140   d2f.o
       826         16          0          0          0        492   daddsub_clz.o
       688        140          0          0          0        256   ddiv.o
        38          0          0          0          0        116   dflt_clz.o
       340         12          0          0          0        152   dmul.o
       156          4          0          0          0        140   dnaninf.o
        12          0          0          0          0        116   dretinf.o
       408         56          0          0          0        168   dsqrt_umaal.o
        86          4          0          0          0        132   f2d.o
       140          4          0          0          0        132   fnaninf.o
        10          0          0          0          0        116   fpinit.o
        10          0          0          0          0        116   fretinf.o
         0          0          0          0          0          0   usenofp.o
       864         94         80          0          0        280   asin.o
        84         16          0          0          0        372   dunder.o
        24          0          0          0          0        124   fabs.o
        48          0          0          0          0        124   fpclassify.o
       248          0          0          0          0        152   poly.o
       110          0          0          0          0        148   sqrt.o

    ----------------------------------------------------------------------
      4542        370         80          0         96       4184   Library Totals
        28          0          0          0          0          0   (incl. Padding)

    ----------------------------------------------------------------------

      Code (inc. data)   RO Data    RW Data    ZI Data      Debug   Library Name

       300         20          0          0         96        744   c_w.l
      2836        240          0          0          0       2240   fz_wm.l
      1378        110         80          0          0       1200   m_wm.l

    ----------------------------------------------------------------------
      4542        370         80          0         96       4184   Library Totals

    ----------------------------------------------------------------------

==============================================================================


      Code (inc. data)   RO Data    RW Data    ZI Data      Debug   

     16704       1372        504         36       2044     357679   Grand Totals
     16704       1372        504         36       2044     357679   ELF Image Totals
     16704       1372        504         36          0          0   ROM Totals

==============================================================================

    Total RO  Size (Code + RO Data)                17208 (  16.80kB)
    Total RW  Size (RW Data + ZI Data)              2080 (   2.03kB)
    Total ROM Size (Code + RO Data + RW Data)      17244 (  16.84kB)

==============================================================================

